Microchip MPLAB XC8 Compiler V1.34 ()

Linker command line:

-W-3 --edf=D:\Program Files (x86)\Microchip\xc8\v1.34\dat\en_msgs.txt -cs \
  -h+dist/default/production\lab_13.X.production.sym \
  --cmf=dist/default/production\lab_13.X.production.cmf -z -Q18F4620 \
  -oC:\Users\kelly\AppData\Local\Temp\sgtg.6 \
  -Mdist/default/production/lab_13.X.production.map -E1 -ver=XC8 \
  -ASTACK=01A3h-0f7fh -pstack=STACK -ACODE=00h-0FFFFh -ACONST=00h-0FFFFh \
  -ASMALLCONST=01000h-010FFhx240 -AMEDIUMCONST=01000h-0FFFFh \
  -ACOMRAM=01h-07Fh -AABS1=00h-0F7Fh -ABIGRAM=01h-0F7Fh \
  -ARAM=080h-0FFh,0100h-01FFhx14,0F00h-0F7Fh -ABANK0=080h-0FFh \
  -ABANK1=0100h-01FFh -ABANK2=0200h-02FFh -ABANK3=0300h-03FFh \
  -ABANK4=0400h-04FFh -ABANK5=0500h-05FFh -ABANK6=0600h-06FFh \
  -ABANK7=0700h-07FFh -ABANK8=0800h-08FFh -ABANK9=0900h-09FFh \
  -ABANK10=0A00h-0AFFh -ABANK11=0B00h-0BFFh -ABANK12=0C00h-0CFFh \
  -ABANK13=0D00h-0DFFh -ABANK14=0E00h-0EFFh -ABANK15=0F00h-0F7Fh \
  -ASFR=0F80h-0FFFh \
  -preset_vec=00h,intcode=08h,intcodelo,powerup,init,end_init \
  -pramtop=01000h -psmallconst=SMALLCONST -pmediumconst=MEDIUMCONST \
  -pconst=CONST -AFARRAM=00h-00h -ACONFIG=0300000h-030000Dh -pconfig=CONFIG \
  -AIDLOC=0200000h-0200007h -pidloc=IDLOC -AEEDATA=0F00000h-0F003FFh \
  -peeprom_data=EEDATA \
  -prdata=COMRAM,nvrram=COMRAM,nvbit=COMRAM,rbss=COMRAM,rbit=COMRAM \
  -pfarbss=FARRAM,fardata=FARRAM,nvFARRAM=FARRAM \
  -pintsave_regs=BIGRAM,bigbss=BIGRAM,bigdata=BIGRAM -pbss=RAM \
  -pidata=CODE,irdata=CODE,ibigdata=CODE,ifardata=CODE -prparam=COMRAM \
  C:\Users\kelly\AppData\Local\Temp\sgtg.obj \
  dist/default/production\lab_13.X.production.obj 

Object code version is 3.11

Machine type is 18F4620

Call graph: (short form)




                Name                               Link     Load   Length Selector   Space Scale
C:\Users\kelly\AppData\Local\Temp\sgtg.obj
                end_init                             18       18        4        4       0
                reset_vec                             0        0        4        0       0
                idloc                            200000   200000        8   200000       0
                config                           300000   300000        E   300000       0
dist/default/production\lab_13.X.production.obj
                intcode                               8        8       10        4       0
                mediumconst                        FBC0     FBC0      440     7DE0       0
                text115                            4782     4782       2C        4       0
                text114                            4C3E     4C3E        A        4       0
                text113                            4C34     4C34        A        4       0
                text112                            4BFC     4BFC        E        4       0
                intcode_body                       3BEE     3BEE       90        4       0
                text110                            4B9E     4B9E       12        4       0
                text109                            4C58     4C58        8        4       0
                text108                            4A58     4A58       1C        4       0
                text107                            36A2     36A2       C6        4       0
                text106                            34E4     34E4       E2        4       0
                text105                            3048     3048       F8        4       0
                text104                            331C     331C       E6        4       0
                text103                            489C     489C       26        4       0
                text102                            381E     381E       B6        4       0
                text101                            4A3C     4A3C       1C        4       0
                text100                            4876     4876       26        4       0
                text99                             4B8C     4B8C       12        4       0
                text98                             4A20     4A20       1C        4       0
                text97                             4B7A     4B7A       12        4       0
                text96                             4A04     4A04       1C        4       0
                text95                             4756     4756       2C        4       0
                text94                             472A     472A       2C        4       0
                text93                             4C0A     4C0A        C        4       0
                text92                             4C50     4C50        8        4       0
                text91                             4C48     4C48        8        4       0
                text90                             4C2A     4C2A        A        4       0
                text89                             4B68     4B68       12        4       0
                text88                             4B56     4B56       12        4       0
                text87                             45E2     45E2       3E        4       0
                text86                             4A74     4A74       1A        4       0
                text85                             498E     498E       20        4       0
                text84                             49AE     49AE       1E        4       0
                text83                             4C20     4C20        A        4       0
                text82                             4BEE     4BEE        E        4       0
                text81                             48E6     48E6       24        4       0
                text80                             4012     4012       70        4       0
                text79                             4B1E     4B1E       14        4       0
                text78                             3B58     3B58       96        4       0
                text77                             48C2     48C2       24        4       0
                text76                             23D4     23D4      1C4        4       0
                text75                             44A6     44A6       44        4       0
                text74                             3C7E     3C7E       8C        4       0
                text73                             3FA2     3FA2       70        4       0
                text72                             41C2     41C2       60        4       0
                text71                             2F3E     2F3E      10A        4       0
                text70                             2E2E     2E2E      110        4       0
                text69                             3AC2     3AC2       96        4       0
                text68                             3F20     3F20       82        4       0
                text67                             4802     4802       28        4       0
                text66                             1D70     1D70      244        4       0
                text65                             492C     492C       22        4       0
                text64                             4BE0     4BE0        E        4       0
                text63                             1322     1322      3E0        4       0
                text62                               1C       1C      C44        4       0
                text61                             49E8     49E8       1C        4       0
                text60                             4222     4222       5C        4       0
                text59                             4AA4     4AA4       16        4       0
                text58                             4B44     4B44       12        4       0
                text57                             4C16     4C16        A        4       0
                text56                             445E     445E       48        4       0
                text55                             465C     465C       3C        4       0
                text54                             4B0A     4B0A       14        4       0
                text53                             4BD0     4BD0       10        4       0
                text52                             4BC0     4BC0       10        4       0
                text51                             42D6     42D6       56        4       0
                text50                             46FA     46FA       30        4       0
                text49                             3D92     3D92       88        4       0
                text48                             4414     4414       4A        4       0
                text47                             2A8A     2A8A      156        4       0
                text46                             45A4     45A4       3E        4       0
                text45                             3402     3402       E2        4       0
                text44                             2906     2906      184        4       0
                text43                             3768     3768       B6        4       0
                text42                             415C     415C       66        4       0
                text41                             427E     427E       58        4       0
                text40                             3A28     3A28       9A        4       0
                text39                             4566     4566       3E        4       0
                text38                             4B32     4B32       12        4       0
                text37                             2D1E     2D1E      110        4       0
                text36                             4528     4528       3E        4       0
                text35                             3140     3140       F2        4       0
                text34                             47D8     47D8       2A        4       0
                text33                             35C6     35C6       DC        4       0
                text32                             49CC     49CC       1C        4       0
                text31                             4698     4698       32        4       0
                text30                             1702     1702      3A0        4       0
                text29                             4AF6     4AF6       14        4       0
                text28                             4BB0     4BB0       10        4       0
                text27                             2598     2598      1BA        4       0
                text26                             496E     496E       20        4       0
                text25                             2752     2752      1B4        4       0
                text24                             494E     494E       20        4       0
                text23                             3982     3982       A6        4       0
                text22                             2BE0     2BE0      13E        4       0
                text21                             3E1A     3E1A       84        4       0
                text20                             437E     437E       4C        4       0
                text19                             4620     4620       3C        4       0
                text18                             4850     4850       26        4       0
                text17                             4082     4082       6E        4       0
                text16                             43CA     43CA       4A        4       0
                text15                             432C     432C       52        4       0
                text14                             47AE     47AE       2A        4       0
                text13                             38D4     38D4       AE        4       0
                text12                             44EA     44EA       3E        4       0
                text11                             1FB4     1FB4      23E        4       0
                text10                             46CA     46CA       30        4       0
                text9                              3E9E     3E9E       82        4       0
                text8                              4AE2     4AE2       14        4       0
                text7                              4ACE     4ACE       14        4       0
                text6                              4ABA     4ABA       14        4       0
                text5                              3232     3232       EA        4       0
                text4                              21F2     21F2      1E2        4       0
                text3                              490A     490A       22        4       0
                text2                              4A8E     4A8E       16        4       0
                text1                               C60      C60      6C2        4       0
                text0                              1AA2     1AA2      2CE        4       0
                cstackCOMRAM                          1        1       5E        1       1
                cstackBANK0                          80       80       30       80       1
                cstackBANK1                         188      188       17      100       1
                dataBANK1                           100      100       88      100       1
                bssBANK1                            19F      19F        4      100       1
                dataBANK0                            B0       B0       26       80       1
                bssBANK0                             D6       D6       23       80       1
                bssCOMRAM                            5F       5F       11        1       1
                cinit                              40F0     40F0       6C        4       0
                idataBANK1                         3D0A     3D0A       88        4       0
                idataBANK0                         482A     482A       26        4       0

TOTAL           Name                               Link     Load   Length     Space
        CLASS   STACK          

        CLASS   CODE           
                end_init                             18       18        4         0
                intcode                               8        8       10         0
                reset_vec                             0        0        4         0
                text115                            4782     4782       2C         0
                text114                            4C3E     4C3E        A         0
                text113                            4C34     4C34        A         0
                text112                            4BFC     4BFC        E         0
                intcode_body                       3BEE     3BEE       90         0
                text110                            4B9E     4B9E       12         0
                text109                            4C58     4C58        8         0
                text108                            4A58     4A58       1C         0
                text107                            36A2     36A2       C6         0
                text106                            34E4     34E4       E2         0
                text105                            3048     3048       F8         0
                text104                            331C     331C       E6         0
                text103                            489C     489C       26         0
                text102                            381E     381E       B6         0
                text101                            4A3C     4A3C       1C         0
                text100                            4876     4876       26         0
                text99                             4B8C     4B8C       12         0
                text98                             4A20     4A20       1C         0
                text97                             4B7A     4B7A       12         0
                text96                             4A04     4A04       1C         0
                text95                             4756     4756       2C         0
                text94                             472A     472A       2C         0
                text93                             4C0A     4C0A        C         0
                text92                             4C50     4C50        8         0
                text91                             4C48     4C48        8         0
                text90                             4C2A     4C2A        A         0
                text89                             4B68     4B68       12         0
                text88                             4B56     4B56       12         0
                text87                             45E2     45E2       3E         0
                text86                             4A74     4A74       1A         0
                text85                             498E     498E       20         0
                text84                             49AE     49AE       1E         0
                text83                             4C20     4C20        A         0
                text82                             4BEE     4BEE        E         0
                text81                             48E6     48E6       24         0
                text80                             4012     4012       70         0
                text79                             4B1E     4B1E       14         0
                text78                             3B58     3B58       96         0
                text77                             48C2     48C2       24         0
                text76                             23D4     23D4      1C4         0
                text75                             44A6     44A6       44         0
                text74                             3C7E     3C7E       8C         0
                text73                             3FA2     3FA2       70         0
                text72                             41C2     41C2       60         0
                text71                             2F3E     2F3E      10A         0
                text70                             2E2E     2E2E      110         0
                text69                             3AC2     3AC2       96         0
                text68                             3F20     3F20       82         0
                text67                             4802     4802       28         0
                text66                             1D70     1D70      244         0
                text65                             492C     492C       22         0
                text64                             4BE0     4BE0        E         0
                text63                             1322     1322      3E0         0
                text62                               1C       1C      C44         0
                text61                             49E8     49E8       1C         0
                text60                             4222     4222       5C         0
                text59                             4AA4     4AA4       16         0
                text58                             4B44     4B44       12         0
                text57                             4C16     4C16        A         0
                text56                             445E     445E       48         0
                text55                             465C     465C       3C         0
                text54                             4B0A     4B0A       14         0
                text53                             4BD0     4BD0       10         0
                text52                             4BC0     4BC0       10         0
                text51                             42D6     42D6       56         0
                text50                             46FA     46FA       30         0
                text49                             3D92     3D92       88         0
                text48                             4414     4414       4A         0
                text47                             2A8A     2A8A      156         0
                text46                             45A4     45A4       3E         0
                text45                             3402     3402       E2         0
                text44                             2906     2906      184         0
                text43                             3768     3768       B6         0
                text42                             415C     415C       66         0
                text41                             427E     427E       58         0
                text40                             3A28     3A28       9A         0
                text39                             4566     4566       3E         0
                text38                             4B32     4B32       12         0
                text37                             2D1E     2D1E      110         0
                text36                             4528     4528       3E         0
                text35                             3140     3140       F2         0
                text34                             47D8     47D8       2A         0
                text33                             35C6     35C6       DC         0
                text32                             49CC     49CC       1C         0
                text31                             4698     4698       32         0
                text30                             1702     1702      3A0         0
                text29                             4AF6     4AF6       14         0
                text28                             4BB0     4BB0       10         0
                text27                             2598     2598      1BA         0
                text26                             496E     496E       20         0
                text25                             2752     2752      1B4         0
                text24                             494E     494E       20         0
                text23                             3982     3982       A6         0
                text22                             2BE0     2BE0      13E         0
                text21                             3E1A     3E1A       84         0
                text20                             437E     437E       4C         0
                text19                             4620     4620       3C         0
                text18                             4850     4850       26         0
                text17                             4082     4082       6E         0
                text16                             43CA     43CA       4A         0
                text15                             432C     432C       52         0
                text14                             47AE     47AE       2A         0
                text13                             38D4     38D4       AE         0
                text12                             44EA     44EA       3E         0
                text11                             1FB4     1FB4      23E         0
                text10                             46CA     46CA       30         0
                text9                              3E9E     3E9E       82         0
                text8                              4AE2     4AE2       14         0
                text7                              4ACE     4ACE       14         0
                text6                              4ABA     4ABA       14         0
                text5                              3232     3232       EA         0
                text4                              21F2     21F2      1E2         0
                text3                              490A     490A       22         0
                text2                              4A8E     4A8E       16         0
                text1                               C60      C60      6C2         0
                text0                              1AA2     1AA2      2CE         0
                cinit                              40F0     40F0       6C         0
                idataBANK1                         3D0A     3D0A       88         0
                idataBANK0                         482A     482A       26         0

        CLASS   CONST          

        CLASS   SMALLCONST     

        CLASS   MEDIUMCONST    
                mediumconst                        FBC0     FBC0      440         0

        CLASS   COMRAM         
                cstackCOMRAM                          1        1       5E         1
                bssCOMRAM                            5F       5F       11         1

        CLASS   ABS1           

        CLASS   BIGRAM         

        CLASS   RAM            

        CLASS   BANK0          
                cstackBANK0                          80       80       30         1
                dataBANK0                            B0       B0       26         1
                bssBANK0                             D6       D6       23         1

        CLASS   BANK1          
                cstackBANK1                         188      188       17         1
                dataBANK1                           100      100       88         1
                bssBANK1                            19F      19F        4         1

        CLASS   BANK2          

        CLASS   BANK3          

        CLASS   BANK4          

        CLASS   BANK5          

        CLASS   BANK6          

        CLASS   BANK7          

        CLASS   BANK8          

        CLASS   BANK9          

        CLASS   BANK10         

        CLASS   BANK11         

        CLASS   BANK12         

        CLASS   BANK13         

        CLASS   BANK14         

        CLASS   BANK15         

        CLASS   SFR            

        CLASS   FARRAM         

        CLASS   CONFIG         
                config                           300000   300000        E         0

        CLASS   IDLOC          
                idloc                            200000   200000        8         0

        CLASS   EEDATA         



SEGMENTS        Name                           Load    Length   Top    Selector   Space  Class

                reset_vec                      000000  000004  000004         0       0  CODE    
                cstackCOMRAM                   000001  00006F  000070         1       1  COMRAM  
                intcode                        000008  004C58  004C60         4       0  CODE    
                cstackBANK0                    000080  000079  0000F9        80       1  BANK0   
                dataBANK1                      000100  0000A3  0001A3       100       1  BANK1   
                mediumconst                    00FBC0  000440  010000      7DE0       0  MEDIUMCO
                idloc                          200000  000008  200008    200000       0  IDLOC   
                config                         300000  00000E  30000E    300000       0  CONFIG  


UNUSED ADDRESS RANGES

        Name                Unused          Largest block    Delta
        BANK0            0000F9-0000FF                7
        BANK1            0001A3-0001FF               5D
        BANK10           000A00-000AFF              100
        BANK11           000B00-000BFF              100
        BANK12           000C00-000CFF              100
        BANK13           000D00-000DFF              100
        BANK14           000E00-000EFF              100
        BANK15           000F00-000F7F               80
        BANK2            000200-0002FF              100
        BANK3            000300-0003FF              100
        BANK4            000400-0004FF              100
        BANK5            000500-0005FF              100
        BANK6            000600-0006FF              100
        BANK7            000700-0007FF              100
        BANK8            000800-0008FF              100
        BANK9            000900-0009FF              100
        BIGRAM           000070-00007F               10
                         0000F9-0000FF                7
                         0001A3-000F7F              DDD
        CODE             000004-000007                4
                         004C60-00FBBF             AF60
        COMRAM           000070-00007F               10
        CONST            000004-000007                4
                         004C60-00FBBF             AF60
        EEDATA           F00000-F003FF              400
        MEDIUMCONST      004C60-00FBBF             AF60
        RAM              0000F9-0000FF                7
                         0001A3-000F7F              100
        SFR              000F80-000FFF               80
        SMALLCONST       004C60-00FBBF              100
        STACK            0001A3-000F7F              DDD

                                  Symbol Table

?_DS1621_Read_Temp                            cstackCOMRAM 000014
?_Read_Volt                                   cstackCOMRAM 00003D
?___awdiv                                     cstackCOMRAM 000017
?___awmod                                     cstackCOMRAM 00003D
?___awtoft                                    cstackCOMRAM 000019
?___ftadd                                     cstackCOMRAM 00004D
?___ftdiv                                     cstackCOMRAM 00002E
?___ftmul                                     cstackCOMRAM 00001F
?___ftneg                                     cstackCOMRAM 000011
?___ftpack                                    cstackCOMRAM 000011
?___ftsub                                     cstackCOMRAM 000059
?___fttol                                     cstackCOMRAM 00002E
?___lbtoft                                    cstackCOMRAM 000019
?___lldiv                                     cstackCOMRAM 000011
?___llmod                                     cstackCOMRAM 00001E
?___lltoft                                    cstackCOMRAM 000019
?___wmul                                      cstackCOMRAM 000011
?__div_to_l_                                  cstackCOMRAM 000011
?__tdiv_to_l_                                 cstackCOMRAM 000011
?_dec_2_bcd                                   cstackCOMRAM 000043
?_fround                                      cstackCOMRAM 000043
?_get_RPM                                     cstackCOMRAM 00001F
?_get_full_ADC                                cstackCOMRAM 000011
?_printf                                      cstackBANK0  000080
?_scale                                       cstackCOMRAM 000043
?_strlen                                      cstackCOMRAM 000011
DS1621_Init@Device                            cstackCOMRAM 000016
DS1621_Read_Temp@Cmd                          cstackCOMRAM 000016
DS1621_Read_Temp@Data_Ret                     cstackCOMRAM 000017
DS1621_Read_Temp@Device                       cstackCOMRAM 000018
DS3231_Read_Time@Address                      cstackCOMRAM 000014
DS3231_Read_Time@Device                       cstackCOMRAM 000015
DS3231_Write_Time@Address                     cstackCOMRAM 00004B
DS3231_Write_Time@Device                      cstackCOMRAM 00004A
I2C_Init@c                                    cstackCOMRAM 000011
I2C_Read@ack                                  cstackCOMRAM 000011
I2C_Read@inByte                               cstackCOMRAM 000013
I2C_Read@n                                    cstackCOMRAM 000012
I2C_Write@n                                   cstackCOMRAM 000012
I2C_Write@outByte                             cstackCOMRAM 000011
I2C_Write_Cmd_Only@Cmd                        cstackCOMRAM 000013
I2C_Write_Cmd_Only@Device                     cstackCOMRAM 000014
I2C_Write_Cmd_Write_Data@Cmd                  cstackCOMRAM 000013
I2C_Write_Cmd_Write_Data@Data_Out             cstackCOMRAM 000014
I2C_Write_Cmd_Write_Data@Device               cstackCOMRAM 000015
INT0_isr@k                                    cstackCOMRAM 000001
OpenUSART@config                              cstackCOMRAM 000013
OpenUSART@spbrg                               cstackCOMRAM 000011
Read_Volt@ADC_Channel                         cstackCOMRAM 000043
Read_Volt@nStep                               cstackCOMRAM 000044
Read_Volt@volt                                cstackCOMRAM 000040
Set_D1_RGB@duty_cycle                         cstackCOMRAM 000020
Set_D1_RGB@range                              cstackCOMRAM 000021
Set_D2_RGB@range                              cstackCOMRAM 000021
Set_D2_RGB@rpm                                cstackCOMRAM 00001F
Update_Screen@neg_tempC                       cstackCOMRAM 00004C
Update_Screen@neg_tempF                       cstackCOMRAM 00004E
Update_Setup_Fan_Screen@dc_char1              cstackCOMRAM 00004A
Update_Setup_Fan_Screen@dc_char2              cstackCOMRAM 00004B
Update_Setup_Fan_Screen@dc_char3              cstackCOMRAM 00004C
Update_Setup_Screen_Cursor_Backward@field     cstackCOMRAM 00002E
Update_Setup_Screen_Cursor_Backward@xinc      cstackCOMRAM 000030
Update_Setup_Screen_Cursor_Backward@yinc      cstackCOMRAM 00002F
Update_Setup_Screen_Cursor_Forward@field      cstackCOMRAM 00002E
Update_Setup_Screen_Cursor_Forward@xinc       cstackCOMRAM 000030
Update_Setup_Screen_Cursor_Forward@yinc       cstackCOMRAM 00002F
Wait_Half_Sec@k                               cstackCOMRAM 000011
_ADCON0                                       (abs)        000FC2
_ADCON0bits                                   (abs)        000FC2
_ADCON1                                       (abs)        000FC1
_ADCON2                                       (abs)        000FC0
_ADRESH                                       (abs)        000FC4
_ADRESL                                       (abs)        000FC3
_Activate_Buzzer                              text110      004B9E
_Activate_Buzzer_2KHz                         text97       004B7A
_Activate_Buzzer_500Hz                        text99       004B8C
_CCP1CON                                      (abs)        000FBD
_CCP2CON                                      (abs)        000FBA
_CCPR1L                                       (abs)        000FBE
_CCPR2L                                       (abs)        000FBB
_DC_Txt                                       dataBANK0    0000BE
_DS1621_Init                                  text84       0049AE
_DS1621_Read_Temp                             text55       00465C
_DS3231_Read_Time                             text42       00415C
_DS3231_Write_Time                            text40       003A28
_Deactivate_Buzzer                            text109      004C58
_Decrease_Duty_Cycle                          text100      004876
_Decrease_Fan_Temp                            text8        004AE2
_Decrease_Time                                text43       003768
_Do_Beep                                      text101      004A3C
_Do_Beep_Bad                                  text98       004A20
_Do_Beep_Good                                 text96       004A04
_Do_Change_Fan_Timer_Mode_Minus               text95       004756
_Do_Change_Fan_Timer_Mode_Plus                text94       00472A
_Do_Init                                      text60       004222
_Do_Save_New_Fan_Temp                         text7        004ACE
_Do_Save_New_Time                             text29       004AF6
_Do_Setup_Time                                text11       001FB4
_Exit_Time_Setup                              text28       004BB0
_FAN                                          bssBANK0     0000E1
_FANMODE                                      bssBANK0     0000E2
_FAN_TIMER_MODE                               bssCOMRAM    000063
_FAN_TIMER_TIME                               bssBANK0     0000E3
_Fan_Mode_Txt                                 dataBANK1    000179
_Fan_SW_Txt                                   dataBANK0    0000C2
_Fan_Set_Temp_Txt                             dataBANK0    0000C6
_Fan_Timer_Mode_Txt                           dataBANK0    0000CA
_Fan_Timer_Txt                                dataBANK0    0000CE
_Go_Next_Field                                text26       00496E
_Go_Prev_Field                                text24       00494E
_I2C_Init                                     text83       004C20
_I2C_ReStart                                  text59       004AA4
_I2C_Read                                     text56       00445E
_I2C_Start                                    text89       004B68
_I2C_Stop                                     text88       004B56
_I2C_Write                                    text87       0045E2
_I2C_Write_Cmd_Only                           text86       004A74
_I2C_Write_Cmd_Write_Data                     text85       00498E
_INT0_flag                                    bssBANK0     0000E4
_INT0_isr                                     text115      004782
_INT1_flag                                    bssBANK0     0000E5
_INT1_isr                                     text114      004C3E
_INT2_flag                                    bssBANK0     0000E6
_INT2_isr                                     text113      004C34
_INTCON2bits                                  (abs)        000FF1
_INTCON3bits                                  (abs)        000FF0
_INTCONbits                                   (abs)        000FF2
_In_Fan_Temp_Setup                            bssBANK0     0000E7
_In_Time_Setup                                bssBANK0     0000E8
_Increase_Duty_Cycle                          text10       0046CA
_Increase_Fan_Temp                            text6        004ABA
_Increase_Time                                text23       003982
_Init_ADC                                     text82       004BEE
_Init_Interrupt                               text81       0048E6
_Init_UART                                    text79       004B1E
_Initialize_Screen                            text30       001702
_Initialize_Setup_Fan_Screen                  text5        003232
_Initialize_Setup_Time_Screen                 text22       002BE0
_LCD_Reset                                    text38       004B32
_Monitor_Fan                                  text20       00437E
_Nec_Button                                   bssBANK0     0000E9
_Nec_code                                     bssBANK1     00019F
_Nec_ok                                       bssBANK0     0000D9
_Nec_state                                    bssBANK0     0000EA
_OSCCON                                       (abs)        000FD3
_OpenUSART                                    text80       004012
_PIE1bits                                     (abs)        000F9D
_PIR1bits                                     (abs)        000F9E
_PORTBbits                                    (abs)        000F81
_PORTCbits                                    (abs)        000F82
_PORTD                                        (abs)        000F83
_PORTDbits                                    (abs)        000F83
_PORTE                                        (abs)        000F84
_PR2                                          (abs)        000FCB
_RBPU                                         (abs)        007F8F
_RCSTA                                        (abs)        000FAB
_RCSTAbits                                    (abs)        000FAB
_RPM_Txt                                      dataBANK1    00017E
_RTC_ALARM_Txt                                dataBANK0    0000B4
_Rcmd1                                        text37       002D1E
_Rcmd2red                                     text36       004528
_Rcmd3                                        text35       003140
_Read_Volt                                    text17       004082
_SPBRG                                        (abs)        000FAF
_SPBRGH                                       (abs)        000FB0
_SSPBUF                                       (abs)        000FC9
_SSPCON1                                      (abs)        000FC6
_SSPSTAT                                      (abs)        000FC7
_SSPSTATbits                                  (abs)        000FC7
_SYSTEM_ON                                    bssCOMRAM    000064
_Select_Fan_Temp_Field                        bssBANK0     0000EB
_Select_Field                                 bssBANK0     0000EC
_Set_D1_RGB                                   text16       0043CA
_Set_D2_RGB                                   text15       00432C
_Setup_Fan_Temp                               text4        0021F2
_T0CON                                        (abs)        000FD5
_T0CONbits                                    (abs)        000FD5
_T1CONbits                                    (abs)        000FCD
_T2CON                                        (abs)        000FCA
_T3CON                                        (abs)        000FB1
_TFT_GreenTab_Initialize                      text34       0047D8
_TIMER1_isr                                   text112      004BFC
_TMR0H                                        (abs)        000FD7
_TMR0L                                        (abs)        000FD6
_TMR1H                                        (abs)        000FCF
_TMR1L                                        (abs)        000FCE
_TMR3L                                        (abs)        000FB2
_TRISA                                        (abs)        000F92
_TRISB                                        (abs)        000F93
_TRISBbits                                    (abs)        000F93
_TRISC                                        (abs)        000F94
_TRISCbits                                    (abs)        000F94
_TRISD                                        (abs)        000F95
_TRISE                                        (abs)        000F96
_TRMT                                         (abs)        007D61
_TXREG                                        (abs)        000FAD
_TXSTA                                        (abs)        000FAC
_TXSTAbits                                    (abs)        000FAC
_Time_Elapsed                                 bssBANK0     0000DB
_Timer_Table                                  dataBANK0    0000B0
_Timing_Txt                                   dataBANK1    000138
_Toggle_Fan                                   text2        004A8E
_Turn_Off_Fan                                 text61       0049E8
_Turn_On_Fan                                  text3        00490A
_Update_Screen                                text1        000C60
_Update_Setup_Fan_Screen                      text9        003E9E
_Update_Setup_Screen_Cursor_Backward          text25       002752
_Update_Setup_Screen_Cursor_Forward           text27       002598
_Update_Setup_Time_Screen                     text44       002906
_Volt_Txt                                     dataBANK1    000173
_Wait_Half_Sec                                text108      004A58
__CFG_BOREN$OFF                               (abs)        000000
__CFG_LVP$OFF                                 (abs)        000000
__CFG_OSC$INTIO67                             (abs)        000000
__CFG_WDT$OFF                                 (abs)        000000
__HRAM                                        (abs)        000000
__Habs1                                       abs1         000000
__Hbank0                                      bank0        000000
__Hbank1                                      bank1        000000
__Hbank10                                     bank10       000000
__Hbank11                                     bank11       000000
__Hbank12                                     bank12       000000
__Hbank13                                     bank13       000000
__Hbank14                                     bank14       000000
__Hbank15                                     bank15       000000
__Hbank2                                      bank2        000000
__Hbank3                                      bank3        000000
__Hbank4                                      bank4        000000
__Hbank5                                      bank5        000000
__Hbank6                                      bank6        000000
__Hbank7                                      bank7        000000
__Hbank8                                      bank8        000000
__Hbank9                                      bank9        000000
__Hbigbss                                     bigbss       000000
__Hbigdata                                    bigdata      000000
__Hbigram                                     bigram       000000
__Hbss                                        bss          000000
__HbssBANK0                                   bssBANK0     000000
__HbssBANK1                                   bssBANK1     000000
__HbssCOMRAM                                  bssCOMRAM    000000
__Hcinit                                      cinit        000000
__Hclrtext                                    clrtext      000000
__Hcomram                                     comram       000000
__Hconfig                                     config       30000E
__Hconst                                      const        000000
__HcstackBANK0                                cstackBANK0  000000
__HcstackBANK1                                cstackBANK1  000000
__HcstackCOMRAM                               cstackCOMRAM 000000
__Hdata                                       data         000000
__HdataBANK0                                  dataBANK0    000000
__HdataBANK1                                  dataBANK1    000000
__Heeprom_data                                eeprom_data  000000
__Hend_init                                   end_init     00001C
__Hfarbss                                     farbss       000000
__Hfardata                                    fardata      000000
__Hibigdata                                   ibigdata     000000
__Hidata                                      idata        000000
__HidataBANK0                                 idataBANK0   000000
__HidataBANK1                                 idataBANK1   000000
__Hidloc                                      idloc        200008
__Hifardata                                   ifardata     000000
__Hinit                                       init         000018
__Hintcode                                    intcode      000018
__Hintcode_body                               intcode_body 000000
__Hintcodelo                                  intcodelo    000018
__Hintentry                                   intentry     000000
__Hintret                                     intret       000000
__Hintsave_regs                               intsave_regs 000000
__Hirdata                                     irdata       000000
__Hmediumconst                                mediumconst  010000
__HnvFARRAM                                   nvFARRAM     000000
__Hnvbit                                      nvbit        000000
__Hnvrram                                     nvrram       000000
__Hparam                                      rparam       000000
__Hpowerup                                    powerup      000018
__Hram                                        ram          000000
__Hramtop                                     ramtop       001000
__Hrbit                                       rbit         000000
__Hrbss                                       rbss         000000
__Hrdata                                      rdata        000000
__Hreset_vec                                  reset_vec    000004
__Hrparam                                     rparam       000000
__Hsfr                                        sfr          000000
__Hsmallconst                                 smallconst   000000
__Hspace_0                                    (abs)        30000E
__Hspace_1                                    (abs)        0001A3
__Hspace_2                                    (abs)        000000
__Hstack                                      stack        000000
__Hstruct                                     struct       000000
__Htemp                                       temp         000000
__Htext                                       text         000000
__Htext0                                      text0        000000
__Htext1                                      text1        000000
__Htext10                                     text10       000000
__Htext100                                    text100      000000
__Htext101                                    text101      000000
__Htext102                                    text102      000000
__Htext103                                    text103      000000
__Htext104                                    text104      000000
__Htext105                                    text105      000000
__Htext106                                    text106      000000
__Htext107                                    text107      000000
__Htext108                                    text108      000000
__Htext109                                    text109      000000
__Htext11                                     text11       000000
__Htext110                                    text110      000000
__Htext112                                    text112      000000
__Htext113                                    text113      000000
__Htext114                                    text114      000000
__Htext115                                    text115      000000
__Htext12                                     text12       000000
__Htext13                                     text13       000000
__Htext14                                     text14       000000
__Htext15                                     text15       000000
__Htext16                                     text16       000000
__Htext17                                     text17       000000
__Htext18                                     text18       000000
__Htext19                                     text19       000000
__Htext2                                      text2        000000
__Htext20                                     text20       000000
__Htext21                                     text21       000000
__Htext22                                     text22       000000
__Htext23                                     text23       000000
__Htext24                                     text24       000000
__Htext25                                     text25       000000
__Htext26                                     text26       000000
__Htext27                                     text27       000000
__Htext28                                     text28       000000
__Htext29                                     text29       000000
__Htext3                                      text3        000000
__Htext30                                     text30       000000
__Htext31                                     text31       000000
__Htext32                                     text32       000000
__Htext33                                     text33       000000
__Htext34                                     text34       000000
__Htext35                                     text35       000000
__Htext36                                     text36       000000
__Htext37                                     text37       000000
__Htext38                                     text38       000000
__Htext39                                     text39       000000
__Htext4                                      text4        000000
__Htext40                                     text40       000000
__Htext41                                     text41       000000
__Htext42                                     text42       000000
__Htext43                                     text43       000000
__Htext44                                     text44       000000
__Htext45                                     text45       000000
__Htext46                                     text46       000000
__Htext47                                     text47       000000
__Htext48                                     text48       000000
__Htext49                                     text49       000000
__Htext5                                      text5        000000
__Htext50                                     text50       000000
__Htext51                                     text51       000000
__Htext52                                     text52       000000
__Htext53                                     text53       000000
__Htext54                                     text54       000000
__Htext55                                     text55       000000
__Htext56                                     text56       000000
__Htext57                                     text57       000000
__Htext58                                     text58       000000
__Htext59                                     text59       000000
__Htext6                                      text6        000000
__Htext60                                     text60       000000
__Htext61                                     text61       000000
__Htext62                                     text62       000000
__Htext63                                     text63       000000
__Htext64                                     text64       000000
__Htext65                                     text65       000000
__Htext66                                     text66       000000
__Htext67                                     text67       000000
__Htext68                                     text68       000000
__Htext69                                     text69       000000
__Htext7                                      text7        000000
__Htext70                                     text70       000000
__Htext71                                     text71       000000
__Htext72                                     text72       000000
__Htext73                                     text73       000000
__Htext74                                     text74       000000
__Htext75                                     text75       000000
__Htext76                                     text76       000000
__Htext77                                     text77       000000
__Htext78                                     text78       000000
__Htext79                                     text79       000000
__Htext8                                      text8        000000
__Htext80                                     text80       000000
__Htext81                                     text81       000000
__Htext82                                     text82       000000
__Htext83                                     text83       000000
__Htext84                                     text84       000000
__Htext85                                     text85       000000
__Htext86                                     text86       000000
__Htext87                                     text87       000000
__Htext88                                     text88       000000
__Htext89                                     text89       000000
__Htext9                                      text9        000000
__Htext90                                     text90       000000
__Htext91                                     text91       000000
__Htext92                                     text92       000000
__Htext93                                     text93       000000
__Htext94                                     text94       000000
__Htext95                                     text95       000000
__Htext96                                     text96       000000
__Htext97                                     text97       000000
__Htext98                                     text98       000000
__Htext99                                     text99       000000
__LRAM                                        (abs)        000001
__Labs1                                       abs1         000000
__Lbank0                                      bank0        000000
__Lbank1                                      bank1        000000
__Lbank10                                     bank10       000000
__Lbank11                                     bank11       000000
__Lbank12                                     bank12       000000
__Lbank13                                     bank13       000000
__Lbank14                                     bank14       000000
__Lbank15                                     bank15       000000
__Lbank2                                      bank2        000000
__Lbank3                                      bank3        000000
__Lbank4                                      bank4        000000
__Lbank5                                      bank5        000000
__Lbank6                                      bank6        000000
__Lbank7                                      bank7        000000
__Lbank8                                      bank8        000000
__Lbank9                                      bank9        000000
__Lbigbss                                     bigbss       000000
__Lbigdata                                    bigdata      000000
__Lbigram                                     bigram       000000
__Lbss                                        bss          000000
__LbssBANK0                                   bssBANK0     000000
__LbssBANK1                                   bssBANK1     000000
__LbssCOMRAM                                  bssCOMRAM    000000
__Lcinit                                      cinit        000000
__Lclrtext                                    clrtext      000000
__Lcomram                                     comram       000000
__Lconfig                                     config       300000
__Lconst                                      const        000000
__LcstackBANK0                                cstackBANK0  000000
__LcstackBANK1                                cstackBANK1  000000
__LcstackCOMRAM                               cstackCOMRAM 000000
__Ldata                                       data         000000
__LdataBANK0                                  dataBANK0    000000
__LdataBANK1                                  dataBANK1    000000
__Leeprom_data                                eeprom_data  000000
__Lend_init                                   end_init     000018
__Lfarbss                                     farbss       000000
__Lfardata                                    fardata      000000
__Libigdata                                   ibigdata     000000
__Lidata                                      idata        000000
__LidataBANK0                                 idataBANK0   000000
__LidataBANK1                                 idataBANK1   000000
__Lidloc                                      idloc        200000
__Lifardata                                   ifardata     000000
__Linit                                       init         000018
__Lintcode                                    intcode      000008
__Lintcode_body                               intcode_body 000000
__Lintcodelo                                  intcodelo    000018
__Lintentry                                   intentry     000000
__Lintret                                     intret       000000
__Lintsave_regs                               intsave_regs 000000
__Lirdata                                     irdata       000000
__Lmediumconst                                mediumconst  00FBC0
__LnvFARRAM                                   nvFARRAM     000000
__Lnvbit                                      nvbit        000000
__Lnvrram                                     nvrram       000000
__Lparam                                      rparam       000000
__Lpowerup                                    powerup      000018
__Lram                                        ram          000000
__Lramtop                                     ramtop       001000
__Lrbit                                       rbit         000000
__Lrbss                                       rbss         000000
__Lrdata                                      rdata        000000
__Lreset_vec                                  reset_vec    000000
__Lrparam                                     rparam       000000
__Lsfr                                        sfr          000000
__Lsmallconst                                 smallconst   000000
__Lspace_0                                    (abs)        000000
__Lspace_1                                    (abs)        000000
__Lspace_2                                    (abs)        000000
__Lstack                                      stack        000000
__Lstruct                                     struct       000000
__Ltemp                                       temp         000000
__Ltext                                       text         000000
__Ltext0                                      text0        000000
__Ltext1                                      text1        000000
__Ltext10                                     text10       000000
__Ltext100                                    text100      000000
__Ltext101                                    text101      000000
__Ltext102                                    text102      000000
__Ltext103                                    text103      000000
__Ltext104                                    text104      000000
__Ltext105                                    text105      000000
__Ltext106                                    text106      000000
__Ltext107                                    text107      000000
__Ltext108                                    text108      000000
__Ltext109                                    text109      000000
__Ltext11                                     text11       000000
__Ltext110                                    text110      000000
__Ltext112                                    text112      000000
__Ltext113                                    text113      000000
__Ltext114                                    text114      000000
__Ltext115                                    text115      000000
__Ltext12                                     text12       000000
__Ltext13                                     text13       000000
__Ltext14                                     text14       000000
__Ltext15                                     text15       000000
__Ltext16                                     text16       000000
__Ltext17                                     text17       000000
__Ltext18                                     text18       000000
__Ltext19                                     text19       000000
__Ltext2                                      text2        000000
__Ltext20                                     text20       000000
__Ltext21                                     text21       000000
__Ltext22                                     text22       000000
__Ltext23                                     text23       000000
__Ltext24                                     text24       000000
__Ltext25                                     text25       000000
__Ltext26                                     text26       000000
__Ltext27                                     text27       000000
__Ltext28                                     text28       000000
__Ltext29                                     text29       000000
__Ltext3                                      text3        000000
__Ltext30                                     text30       000000
__Ltext31                                     text31       000000
__Ltext32                                     text32       000000
__Ltext33                                     text33       000000
__Ltext34                                     text34       000000
__Ltext35                                     text35       000000
__Ltext36                                     text36       000000
__Ltext37                                     text37       000000
__Ltext38                                     text38       000000
__Ltext39                                     text39       000000
__Ltext4                                      text4        000000
__Ltext40                                     text40       000000
__Ltext41                                     text41       000000
__Ltext42                                     text42       000000
__Ltext43                                     text43       000000
__Ltext44                                     text44       000000
__Ltext45                                     text45       000000
__Ltext46                                     text46       000000
__Ltext47                                     text47       000000
__Ltext48                                     text48       000000
__Ltext49                                     text49       000000
__Ltext5                                      text5        000000
__Ltext50                                     text50       000000
__Ltext51                                     text51       000000
__Ltext52                                     text52       000000
__Ltext53                                     text53       000000
__Ltext54                                     text54       000000
__Ltext55                                     text55       000000
__Ltext56                                     text56       000000
__Ltext57                                     text57       000000
__Ltext58                                     text58       000000
__Ltext59                                     text59       000000
__Ltext6                                      text6        000000
__Ltext60                                     text60       000000
__Ltext61                                     text61       000000
__Ltext62                                     text62       000000
__Ltext63                                     text63       000000
__Ltext64                                     text64       000000
__Ltext65                                     text65       000000
__Ltext66                                     text66       000000
__Ltext67                                     text67       000000
__Ltext68                                     text68       000000
__Ltext69                                     text69       000000
__Ltext7                                      text7        000000
__Ltext70                                     text70       000000
__Ltext71                                     text71       000000
__Ltext72                                     text72       000000
__Ltext73                                     text73       000000
__Ltext74                                     text74       000000
__Ltext75                                     text75       000000
__Ltext76                                     text76       000000
__Ltext77                                     text77       000000
__Ltext78                                     text78       000000
__Ltext79                                     text79       000000
__Ltext8                                      text8        000000
__Ltext80                                     text80       000000
__Ltext81                                     text81       000000
__Ltext82                                     text82       000000
__Ltext83                                     text83       000000
__Ltext84                                     text84       000000
__Ltext85                                     text85       000000
__Ltext86                                     text86       000000
__Ltext87                                     text87       000000
__Ltext88                                     text88       000000
__Ltext89                                     text89       000000
__Ltext9                                      text9        000000
__Ltext90                                     text90       000000
__Ltext91                                     text91       000000
__Ltext92                                     text92       000000
__Ltext93                                     text93       000000
__Ltext94                                     text94       000000
__Ltext95                                     text95       000000
__Ltext96                                     text96       000000
__Ltext97                                     text97       000000
__Ltext98                                     text98       000000
__Ltext99                                     text99       000000
__S0                                          (abs)        30000E
__S1                                          (abs)        0001A3
__S2                                          (abs)        000000
___awdiv                                      text69       003AC2
___awdiv@counter                              cstackCOMRAM 00001B
___awdiv@dividend                             cstackCOMRAM 000017
___awdiv@divisor                              cstackCOMRAM 000019
___awdiv@quotient                             cstackCOMRAM 00001D
___awdiv@sign                                 cstackCOMRAM 00001C
___awmod                                      text68       003F20
___awmod@counter                              cstackCOMRAM 000041
___awmod@dividend                             cstackCOMRAM 00003D
___awmod@divisor                              cstackCOMRAM 00003F
___awmod@sign                                 cstackCOMRAM 000042
___awtoft                                     text19       004620
___awtoft@c                                   cstackCOMRAM 000019
___awtoft@sign                                cstackCOMRAM 00001C
___ftadd                                      text76       0023D4
___ftadd@exp1                                 cstackCOMRAM 000058
___ftadd@exp2                                 cstackCOMRAM 000057
___ftadd@f1                                   cstackCOMRAM 00004D
___ftadd@f2                                   cstackCOMRAM 000050
___ftadd@sign                                 cstackCOMRAM 000056
___ftdiv                                      text106      0034E4
___ftdiv@cntr                                 cstackCOMRAM 000037
___ftdiv@exp                                  cstackCOMRAM 00003B
___ftdiv@f1                                   cstackCOMRAM 00002E
___ftdiv@f2                                   cstackCOMRAM 000031
___ftdiv@f3                                   cstackCOMRAM 000038
___ftdiv@sign                                 cstackCOMRAM 00003C
___ftge                                       text78       003B58
___ftge@ff1                                   cstackCOMRAM 000011
___ftge@ff2                                   cstackCOMRAM 000014
___ftmul                                      text105      003048
___ftmul@cntr                                 cstackCOMRAM 00002C
___ftmul@exp                                  cstackCOMRAM 000028
___ftmul@f1                                   cstackCOMRAM 00001F
___ftmul@f2                                   cstackCOMRAM 000022
___ftmul@f3_as_product                        cstackCOMRAM 000029
___ftmul@sign                                 cstackCOMRAM 00002D
___ftneg                                      text77       0048C2
___ftneg@f1                                   cstackCOMRAM 000011
___ftpack                                     text107      0036A2
___ftpack@arg                                 cstackCOMRAM 000011
___ftpack@exp                                 cstackCOMRAM 000014
___ftpack@sign                                cstackCOMRAM 000015
___ftsub                                      text75       0044A6
___ftsub@f1                                   cstackCOMRAM 000059
___ftsub@f2                                   cstackCOMRAM 00005C
___fttol                                      text104      00331C
___fttol@exp1                                 cstackCOMRAM 00003C
___fttol@f1                                   cstackCOMRAM 00002E
___fttol@lval                                 cstackCOMRAM 000038
___fttol@sign1                                cstackCOMRAM 000037
___inthi_sp                                   stack        000000
___intlo_sp                                   stack        000000
___lbtoft                                     text103      00489C
___lbtoft@c                                   cstackCOMRAM 00001C
___lldiv                                      text74       003C7E
___lldiv@counter                              cstackCOMRAM 00001D
___lldiv@dividend                             cstackCOMRAM 000011
___lldiv@divisor                              cstackCOMRAM 000015
___lldiv@quotient                             cstackCOMRAM 000019
___llmod                                      text73       003FA2
___llmod@counter                              cstackCOMRAM 000026
___llmod@dividend                             cstackCOMRAM 00001E
___llmod@divisor                              cstackCOMRAM 000022
___lltoft                                     text72       0041C2
___lltoft@c                                   cstackCOMRAM 000019
___lltoft@exp                                 cstackCOMRAM 000021
___param_bank                                 (abs)        000010
___rparam_used                                (abs)        000001
___sp                                         stack        000000
___wmul                                       text67       004802
___wmul@multiplicand                          cstackCOMRAM 000013
___wmul@multiplier                            cstackCOMRAM 000011
___wmul@product                               cstackCOMRAM 000015
__accesstop                                   (abs)        000080
__activetblptr                                (abs)        000002
__div_to_l_                                   text71       002F3E
__div_to_l_@cntr                              cstackCOMRAM 00001B
__div_to_l_@exp1                              cstackCOMRAM 00001C
__div_to_l_@f1                                cstackCOMRAM 000011
__div_to_l_@f2                                cstackCOMRAM 000014
__div_to_l_@quot                              cstackCOMRAM 000017
__end_of_Activate_Buzzer                      text110      004BB0
__end_of_Activate_Buzzer_2KHz                 text97       004B8C
__end_of_Activate_Buzzer_500Hz                text99       004B9E
__end_of_DS1621_Init                          text84       0049CC
__end_of_DS1621_Read_Temp                     text55       004698
__end_of_DS3231_Read_Time                     text42       0041C2
__end_of_DS3231_Write_Time                    text40       003AC2
__end_of_Deactivate_Buzzer                    text109      004C60
__end_of_Decrease_Duty_Cycle                  text100      00489C
__end_of_Decrease_Fan_Temp                    text8        004AF6
__end_of_Decrease_Time                        text43       00381E
__end_of_Do_Beep                              text101      004A58
__end_of_Do_Beep_Bad                          text98       004A3C
__end_of_Do_Beep_Good                         text96       004A20
__end_of_Do_Change_Fan_Timer_Mode_Minus       text95       004782
__end_of_Do_Change_Fan_Timer_Mode_Plus        text94       004756
__end_of_Do_Init                              text60       00427E
__end_of_Do_Save_New_Fan_Temp                 text7        004AE2
__end_of_Do_Save_New_Time                     text29       004B0A
__end_of_Do_Setup_Time                        text11       0021F2
__end_of_Exit_Time_Setup                      text28       004BC0
__end_of_Go_Next_Field                        text26       00498E
__end_of_Go_Prev_Field                        text24       00496E
__end_of_I2C_Init                             text83       004C2A
__end_of_I2C_ReStart                          text59       004ABA
__end_of_I2C_Read                             text56       0044A6
__end_of_I2C_Start                            text89       004B7A
__end_of_I2C_Stop                             text88       004B68
__end_of_I2C_Write                            text87       004620
__end_of_I2C_Write_Cmd_Only                   text86       004A8E
__end_of_I2C_Write_Cmd_Write_Data             text85       0049AE
__end_of_INT0_isr                             text115      0047AE
__end_of_INT1_isr                             text114      004C48
__end_of_INT2_isr                             text113      004C3E
__end_of_Increase_Duty_Cycle                  text10       0046FA
__end_of_Increase_Fan_Temp                    text6        004ACE
__end_of_Increase_Time                        text23       003A28
__end_of_Init_ADC                             text82       004BFC
__end_of_Init_Interrupt                       text81       00490A
__end_of_Init_UART                            text79       004B32
__end_of_Initialize_Screen                    text30       001AA2
__end_of_Initialize_Setup_Fan_Screen          text5        00331C
__end_of_Initialize_Setup_Time_Screen         text22       002D1E
__end_of_LCD_Reset                            text38       004B44
__end_of_Monitor_Fan                          text20       0043CA
__end_of_OpenUSART                            text80       004082
__end_of_Rcmd1                                text37       002E2E
__end_of_Rcmd2red                             text36       004566
__end_of_Rcmd3                                text35       003232
__end_of_Read_Volt                            text17       0040F0
__end_of_Set_D1_RGB                           text16       004414
__end_of_Set_D2_RGB                           text15       00437E
__end_of_Setup_Fan_Temp                       text4        0023D4
__end_of_TFT_GreenTab_Initialize              text34       004802
__end_of_TIMER1_isr                           text112      004C0A
__end_of_Toggle_Fan                           text2        004AA4
__end_of_Turn_Off_Fan                         text61       004A04
__end_of_Turn_On_Fan                          text3        00492C
__end_of_Update_Screen                        text1        001322
__end_of_Update_Setup_Fan_Screen              text9        003F20
__end_of_Update_Setup_Screen_Cursor_Backward  text25       002906
__end_of_Update_Setup_Screen_Cursor_Forward   text27       002752
__end_of_Update_Setup_Time_Screen             text44       002A8A
__end_of_Wait_Half_Sec                        text108      004A74
__end_of___awdiv                              text69       003B58
__end_of___awmod                              text68       003FA2
__end_of___awtoft                             text19       00465C
__end_of___ftadd                              text76       002598
__end_of___ftdiv                              text106      0035C6
__end_of___ftge                               text78       003BEE
__end_of___ftmul                              text105      003140
__end_of___ftneg                              text77       0048E6
__end_of___ftpack                             text107      003768
__end_of___ftsub                              text75       0044EA
__end_of___fttol                              text104      003402
__end_of___lbtoft                             text103      0048C2
__end_of___lldiv                              text74       003D0A
__end_of___llmod                              text73       004012
__end_of___lltoft                             text72       004222
__end_of___wmul                               text67       00482A
__end_of__div_to_l_                           text71       003048
__end_of__initialization                      cinit        004152
__end_of__npowers_                            mediumconst  00FDEB
__end_of__powers_                             mediumconst  00FE12
__end_of__tdiv_to_l_                          text70       002F3E
__end_of_bcd_2_dec                            text14       0047D8
__end_of_check_for_button_input               text13       003982
__end_of_chkisr                               intcode_body 003C7E
__end_of_dec_2_bcd                            text41       0042D6
__end_of_delay_ms                             text39       0045A4
[...]
      Totals:         2       0       0       0       0       0       0       0       0       0       0       0       0       0       0       0       0
Total ram usage:        2 bytes
 Hardware stack levels used:    1
 Hardware stack levels required when called:    2
 This function calls:
		Nothing
 This function is called by:
		_Do_Beep
		_Do_Beep_Good
		_Do_Beep_Bad
 This function uses a non-reentrant model


 *************** function _Deactivate_Buzzer *****************
 Defined at:
		line 136 in file "utils.c"
 Parameters:    Size  Location     Type
		None
 Auto vars:     Size  Location     Type
		None
 Return value:  Size  Location     Type
		None               void
 Registers used:
		wreg, status,2
 Tracked objects:
		On entry : 
		On exit  : 
		Unchanged: 
 Data sizes:     COMRAM   BANK0   BANK1   BANK2   BANK3   BANK4   BANK5   BANK6   BANK7   BANK8   BANK9  BANK10  BANK11  BANK12  BANK13  BANK14  BANK15
      Params:         0       0       0       0       0       0       0       0       0       0       0       0       0       0       0       0       0
      Locals:         0       0       0       0       0       0       0       0       0       0       0       0       0       0       0       0       0
      Temps:          0       0       0       0       0       0       0       0       0       0       0       0       0       0       0       0       0
      Totals:         0       0       0       0       0       0       0       0       0       0       0       0       0       0       0       0       0
Total ram usage:        0 bytes
 Hardware stack levels used:    1
 Hardware stack levels required when called:    2
 This function calls:
		Nothing
 This function is called by:
		_Do_Beep
		_Do_Beep_Good
		_Do_Beep_Bad
 This function uses a non-reentrant model


 *************** function _Activate_Buzzer *****************
 Defined at:
		line 104 in file "utils.c"
 Parameters:    Size  Location     Type
		None
 Auto vars:     Size  Location     Type
		None
 Return value:  Size  Location     Type
		None               void
 Registers used:
		wreg, status,2
 Tracked objects:
		On entry : 
		On exit  : 
		Unchanged: 
 Data sizes:     COMRAM   BANK0   BANK1   BANK2   BANK3   BANK4   BANK5   BANK6   BANK7   BANK8   BANK9  BANK10  BANK11  BANK12  BANK13  BANK14  BANK15
      Params:         0       0       0       0       0       0       0       0       0       0       0       0       0       0       0       0       0
      Locals:         0       0       0       0       0       0       0       0       0       0       0       0       0       0       0       0       0
      Temps:          0       0       0       0       0       0       0       0       0       0       0       0       0       0       0       0       0
      Totals:         0       0       0       0       0       0       0       0       0       0       0       0       0       0       0       0       0
Total ram usage:        0 bytes
 Hardware stack levels used:    1
 Hardware stack levels required when called:    2
 This function calls:
		Nothing
 This function is called by:
		_Do_Beep
 This function uses a non-reentrant model


 *************** function _chkisr *****************
 Defined at:
		line 41 in file "Interrupt.c"
 Parameters:    Size  Location     Type
		None
 Auto vars:     Size  Location     Type
		None
 Return value:  Size  Location     Type
		None               void
 Registers used:
		wreg, status,2, status,0, cstack
 Tracked objects:
		On entry : 
		On exit  : 
		Unchanged: 
 Data sizes:     COMRAM   BANK0   BANK1   BANK2   BANK3   BANK4   BANK5   BANK6   BANK7   BANK8   BANK9  BANK10  BANK11  BANK12  BANK13  BANK14  BANK15
      Params:         0       0       0       0       0       0       0       0       0       0       0       0       0       0       0       0       0
      Locals:         0       0       0       0       0       0       0       0       0       0       0       0       0       0       0       0       0
      Temps:         14       0       0       0       0       0       0       0       0       0       0       0       0       0       0       0       0
      Totals:        14       0       0       0       0       0       0       0       0       0       0       0       0       0       0       0       0
Total ram usage:       14 bytes
 Hardware stack levels used:    1
 Hardware stack levels required when called:    1
 This function calls:
		_INT0_isr
		_INT1_isr
		_INT2_isr
		_TIMER1_isr
 This function is called by:
		Interrupt level 2
 This function uses a non-reentrant model


 *************** function _TIMER1_isr *****************
 Defined at:
		line 49 in file "Interrupt.c"
 Parameters:    Size  Location     Type
		None
 Auto vars:     Size  Location     Type
		None
 Return value:  Size  Location     Type
		None               void
 Registers used:
		wreg, status,2
 Tracked objects:
		On entry : 
		On exit  : 
		Unchanged: 
 Data sizes:     COMRAM   BANK0   BANK1   BANK2   BANK3   BANK4   BANK5   BANK6   BANK7   BANK8   BANK9  BANK10  BANK11  BANK12  BANK13  BANK14  BANK15
      Params:         0       0       0       0       0       0       0       0       0       0       0       0       0       0       0       0       0
      Locals:         0       0       0       0       0       0       0       0       0       0       0       0       0       0       0       0       0
      Temps:          0       0       0       0       0       0       0       0       0       0       0       0       0       0       0       0       0
      Totals:         0       0       0       0       0       0       0       0       0       0       0       0       0       0       0       0       0
Total ram usage:        0 bytes
 Hardware stack levels used:    1
 This function calls:
		Nothing
 This function is called by:
		_chkisr
 This function uses a non-reentrant model


 *************** function _INT2_isr *****************
 Defined at:
		line 64 in file "Interrupt.c"
 Parameters:    Size  Location     Type
		None
 Auto vars:     Size  Location     Type
		None
 Return value:  Size  Location     Type
		None               void
 Registers used:
		wreg, status,2
 Tracked objects:
		On entry : 
		On exit  : 
		Unchanged: 
 Data sizes:     COMRAM   BANK0   BANK1   BANK2   BANK3   BANK4   BANK5   BANK6   BANK7   BANK8   BANK9  BANK10  BANK11  BANK12  BANK13  BANK14  BANK15
      Params:         0       0       0       0       0       0       0       0       0       0       0       0       0       0       0       0       0
      Locals:         0       0       0       0       0       0       0       0       0       0       0       0       0       0       0       0       0
      Temps:          0       0       0       0       0       0       0       0       0       0       0       0       0       0       0       0       0
      Totals:         0       0       0       0       0       0       0       0       0       0       0       0       0       0       0       0       0
Total ram usage:        0 bytes
 Hardware stack levels used:    1
 This function calls:
		Nothing
 This function is called by:
		_chkisr
 This function uses a non-reentrant model


 *************** function _INT1_isr *****************
 Defined at:
		line 71 in file "Interrupt.c"
 Parameters:    Size  Location     Type
		None
 Auto vars:     Size  Location     Type
		None
 Return value:  Size  Location     Type
		None               void
 Registers used:
		wreg, status,2
 Tracked objects:
		On entry : 
		On exit  : 
		Unchanged: 
 Data sizes:     COMRAM   BANK0   BANK1   BANK2   BANK3   BANK4   BANK5   BANK6   BANK7   BANK8   BANK9  BANK10  BANK11  BANK12  BANK13  BANK14  BANK15
      Params:         0       0       0       0       0       0       0       0       0       0       0       0       0       0       0       0       0
      Locals:         0       0       0       0       0       0       0       0       0       0       0       0       0       0       0       0       0
      Temps:          0       0       0       0       0       0       0       0       0       0       0       0       0       0       0       0       0
      Totals:         0       0       0       0       0       0       0       0       0       0       0       0       0       0       0       0       0
Total ram usage:        0 bytes
 Hardware stack levels used:    1
 This function calls:
		Nothing
 This function is called by:
		_chkisr
 This function uses a non-reentrant model


 *************** function _INT0_isr *****************
 Defined at:
		line 78 in file "Interrupt.c"
 Parameters:    Size  Location     Type
		None
 Auto vars:     Size  Location     Type
  k               2    0[COMRAM] int 
 Return value:  Size  Location     Type
		None               void
 Registers used:
		wreg, status,2, status,0
 Tracked objects:
		On entry : 
		On exit  : 
		Unchanged: 
 Data sizes:     COMRAM   BANK0   BANK1   BANK2   BANK3   BANK4   BANK5   BANK6   BANK7   BANK8   BANK9  BANK10  BANK11  BANK12  BANK13  BANK14  BANK15
      Params:         0       0       0       0       0       0       0       0       0       0       0       0       0       0       0       0       0
      Locals:         2       0       0       0       0       0       0       0       0       0       0       0       0       0       0       0       0
      Temps:          0       0       0       0       0       0       0       0       0       0       0       0       0       0       0       0       0
      Totals:         2       0       0       0       0       0       0       0       0       0       0       0       0       0       0       0       0
Total ram usage:        2 bytes
 Hardware stack levels used:    1
 This function calls:
		Nothing
 This function is called by:
		_chkisr
 This function uses a non-reentrant model



MODULE INFORMATION

Module		Function		Class		Link	Load	Size
I2C_Soft.c
		_i2cLowSda     		CODE           	4C2A	0000	11
		_i2cLowScl     		CODE           	4C48	0000	9
		_I2C_Write_Cmd_		CODE           	4A74	0000	27
		_I2C_Write     		CODE           	45E2	0000	63
		_I2C_Write_Cmd_		CODE           	498E	0000	33
		_I2C_Stop      		CODE           	4B56	0000	19
		_I2C_Read      		CODE           	445E	0000	73
		_i2cNack       		CODE           	4C16	0000	11
		_I2C_Init      		CODE           	4C20	0000	11
		_i2cHighSda    		CODE           	4C50	0000	9
		_i2cHighScl    		CODE           	4C0A	0000	13
		_I2C_Start     		CODE           	4B68	0000	19
		_i2cAck        		CODE           	4B44	0000	19
		_I2C_ReStart   		CODE           	4AA4	0000	23

I2C_Soft.c estimated size: 340

D:\Program Files (x86)\Microchip\xc8\v1.34\sources\common\ftmul.c
		___ftmul       		CODE           	3048	0000	249

D:\Program Files (x86)\Microchip\xc8\v1.34\sources\common\ftmul.c estimated size: 249

D:\Program Files (x86)\Microchip\xc8\v1.34\sources\common\awtoft.c
		___awtoft      		CODE           	4620	0000	61

D:\Program Files (x86)\Microchip\xc8\v1.34\sources\common\awtoft.c estimated size: 61

D:\Program Files (x86)\Microchip\xc8\v1.34\sources\common\lbtoft.c
		___lbtoft      		CODE           	489C	0000	39

D:\Program Files (x86)\Microchip\xc8\v1.34\sources\common\lbtoft.c estimated size: 39

D:\Program Files (x86)\Microchip\xc8\v1.34\sources\common\ftdiv.c
		___ftdiv       		CODE           	34E4	0000	227

D:\Program Files (x86)\Microchip\xc8\v1.34\sources\common\ftdiv.c estimated size: 227

D:\Program Files (x86)\Microchip\xc8\v1.34\sources\common\awdiv.c
		___awdiv       		CODE           	3AC2	0000	151

D:\Program Files (x86)\Microchip\xc8\v1.34\sources\common\awdiv.c estimated size: 151

D:\Program Files (x86)\Microchip\xc8\v1.34\sources\common\lldiv.c
		___lldiv       		CODE           	3C7E	0000	141

D:\Program Files (x86)\Microchip\xc8\v1.34\sources\common\lldiv.c estimated size: 141

Setup_Fan_Temp.c
		_Decrease_Fan_T		CODE           	4AE2	0000	21
		_Increase_Fan_T		CODE           	4ABA	0000	21
		_Setup_Fan_Temp		CODE           	21F2	0000	483
		_Do_Save_New_Fa		CODE           	4ACE	0000	21
		_Update_Setup_F		CODE           	3E9E	0000	131
		_Initialize_Set		CODE           	3232	0000	235

Setup_Fan_Temp.c estimated size: 912

D:\Program Files (x86)\Microchip\xc8\v1.34\sources\common\strlen.c
		_strlen        		CODE           	45A4	0000	63

D:\Program Files (x86)\Microchip\xc8\v1.34\sources\common\strlen.c estimated size: 63

D:\Program Files (x86)\Microchip\xc8\v1.34\sources\common\lltoft.c
		___lltoft      		CODE           	41C2	0000	97

D:\Program Files (x86)\Microchip\xc8\v1.34\sources\common\lltoft.c estimated size: 97

D:\Program Files (x86)\Microchip\xc8\v1.34\sources\common\strcpy.c
		_strcpy        		CODE           	4698	0000	51

D:\Program Files (x86)\Microchip\xc8\v1.34\sources\common\strcpy.c estimated size: 51

Fan_Support.c
		_get_duty_cycle		CODE           	3E1A	0000	133
		_Turn_On_Fan   		CODE           	490A	0000	35
		_get_RPM       		CODE           	44EA	0000	63
		_Toggle_Fan    		CODE           	4A8E	0000	23
		_Turn_Off_Fan  		CODE           	49E8	0000	29
		_Monitor_Fan   		CODE           	437E	0000	77
		_Decrease_Duty_		CODE           	4876	0000	39
		_Do_Change_Fan_		CODE           	472A	0000	45
		_Do_Change_Fan_		CODE           	4756	0000	45
		_Increase_Duty_		CODE           	46CA	0000	49

Fan_Support.c estimated size: 538

ST7735_TFT.c
		_drawChar      		CODE           	2A8A	0000	343
		_fillScreen    		CODE           	49CC	0000	29
		_Rcmd3         		CODE           	3140	0000	243
		_write_data    		CODE           	4BC0	0000	17
		_setAddrWindow 		CODE           	42D6	0000	87
		_drawtext      		CODE           	3402	0000	227
		_fillRect      		CODE           	4414	0000	75
		_LCD_Reset     		CODE           	4B32	0000	19
		_drawPixel     		CODE           	46FA	0000	49
		_fillRectangle 		CODE           	35C6	0000	221
		_write_command 		CODE           	4BD0	0000	17
		_drawFastVLine 		CODE           	3D92	0000	137
		_Rcmd2red      		CODE           	4528	0000	63
		_TFT_GreenTab_I		CODE           	47D8	0000	43
		_delay_ms      		CODE           	4566	0000	63
		_Rcmd1         		CODE           	2D1E	0000	273
		_spiwrite      		CODE           	4B0A	0000	21

ST7735_TFT.c estimated size: 1927

I2C_Support.c
		_DS3231_Read_Ti		CODE           	415C	0000	103
		_DS1621_Init   		CODE           	49AE	0000	31
		_DS3231_Write_T		CODE           	3A28	0000	155
		_DS1621_Read_Te		CODE           	465C	0000	61

I2C_Support.c estimated size: 350

D:\Program Files (x86)\Microchip\xc8\v1.34\sources\common\fttol.c
		___fttol       		CODE           	331C	0000	231

D:\Program Files (x86)\Microchip\xc8\v1.34\sources\common\fttol.c estimated size: 231

Main_Screen.c
		_Update_Screen 		CODE           	0C60	0000	1731
		_Initialize_Scr		CODE           	1702	0000	929

Main_Screen.c estimated size: 2660

D:\Program Files (x86)\Microchip\xc8\v1.34\sources\common\doprnt.c
		_scale         		CODE           	1322	0000	993
		_printf        		CODE           	001C	0000	3141
		_fround        		CODE           	1D70	0000	581

D:\Program Files (x86)\Microchip\xc8\v1.34\sources\common\doprnt.c estimated size: 4715

D:\Program Files (x86)\Microchip\xc8\v1.34\sources\common\ftadd.c
		___ftadd       		CODE           	23D4	0000	453

D:\Program Files (x86)\Microchip\xc8\v1.34\sources\common\ftadd.c estimated size: 453

Main.c
		_Set_D1_RGB    		CODE           	43CA	0000	75
		_main          		CODE           	1AA2	0000	719
		_Do_Init       		CODE           	4222	0000	93
		_Set_D2_RGB    		CODE           	432C	0000	83

Main.c estimated size: 970

D:\Program Files (x86)\Microchip\xc8\v1.34\sources\common\Umul16.c
		___wmul        		CODE           	4802	0000	41

D:\Program Files (x86)\Microchip\xc8\v1.34\sources\common\Umul16.c estimated size: 41

shared
		__powers_      		MEDIUMCONST    	FDEB	0000	40
		_font          		MEDIUMCONST    	FBC1	0000	256
		_dpowers       		MEDIUMCONST    	FD9C	0000	41
		__npowers_     		MEDIUMCONST    	FDC4	0000	40
		__initializatio		CODE           	40F0	0000	99
		_hexpowers     		MEDIUMCONST    	FE12	0000	33
		_font2         		MEDIUMCONST    	FCC0	0000	221

shared estimated size: 730

Interrupt.c
		_INT2_isr      		CODE           	4C34	0000	11
		_TIMER1_isr    		CODE           	4BFC	0000	15
		_Init_Interrupt		CODE           	48E6	0000	37
		_INT0_isr      		CODE           	4782	0000	45
		_INT1_isr      		CODE           	4C3E	0000	11
		_chkisr        		CODE           	0008	0000	161

Interrupt.c estimated size: 280

utils.c
		_Init_UART     		CODE           	4B1E	0000	21
		_Do_Beep       		CODE           	4A3C	0000	29
		_Do_Beep_Bad   		CODE           	4A20	0000	29
		_putch         		CODE           	4BE0	0000	15
		_Do_Beep_Good  		CODE           	4A04	0000	29
		_Read_Volt     		CODE           	4082	0000	111
		_Init_ADC      		CODE           	4BEE	0000	15
		_do_update_pwm 		CODE           	381E	0000	183
		_Activate_Buzze		CODE           	4B7A	0000	19
		_Deactivate_Buz		CODE           	4C58	0000	9
		_Activate_Buzze		CODE           	4B8C	0000	19
		_check_for_butt		CODE           	38D4	0000	175
		_dec_2_bcd     		CODE           	427E	0000	89
		_Wait_Half_Sec 		CODE           	4A58	0000	29
		_get_full_ADC  		CODE           	4850	0000	39
		_bcd_2_dec     		CODE           	47AE	0000	43
		_Activate_Buzze		CODE           	4B9E	0000	19

utils.c estimated size: 873

D:\Program Files (x86)\Microchip\xc8\v1.34\sources\common\ftneg.c
		___ftneg       		CODE           	48C2	0000	37

D:\Program Files (x86)\Microchip\xc8\v1.34\sources\common\ftneg.c estimated size: 37

D:\Program Files (x86)\Microchip\xc8\v1.34\sources\common\isdigit.c
		_isdigit       		CODE           	492C	0000	35

D:\Program Files (x86)\Microchip\xc8\v1.34\sources\common\isdigit.c estimated size: 35

D:\Program Files (x86)\Microchip\xc8\v1.34\sources\common\ftdivl.c
		__tdiv_to_l_   		CODE           	2E2E	0000	273

D:\Program Files (x86)\Microchip\xc8\v1.34\sources\common\ftdivl.c estimated size: 273

D:\Program Files (x86)\Microchip\xc8\v1.34\sources\common\ftsub.c
		___ftsub       		CODE           	44A6	0000	69

D:\Program Files (x86)\Microchip\xc8\v1.34\sources\common\ftsub.c estimated size: 69

D:\Program Files (x86)\Microchip\xc8\v1.34\sources\common\float.c
		___ftpack      		CODE           	36A2	0000	199

D:\Program Files (x86)\Microchip\xc8\v1.34\sources\common\float.c estimated size: 199

D:\Program Files (x86)\Microchip\xc8\v1.34\sources\common\ftge.c
		___ftge        		CODE           	3B58	0000	151

D:\Program Files (x86)\Microchip\xc8\v1.34\sources\common\ftge.c estimated size: 151

D:\Program Files (x86)\Microchip\xc8\v1.34\sources\pic18\plib\USART\uopen.c
		_OpenUSART     		CODE           	4012	0000	113

D:\Program Files (x86)\Microchip\xc8\v1.34\sources\pic18\plib\USART\uopen.c estimated size: 113

D:\Program Files (x86)\Microchip\xc8\v1.34\sources\common\awmod.c
		___awmod       		CODE           	3F20	0000	131

D:\Program Files (x86)\Microchip\xc8\v1.34\sources\common\awmod.c estimated size: 131

D:\Program Files (x86)\Microchip\xc8\v1.34\sources\common\fldivl.c
		__div_to_l_    		CODE           	2F3E	0000	267

D:\Program Files (x86)\Microchip\xc8\v1.34\sources\common\fldivl.c estimated size: 267

D:\Program Files (x86)\Microchip\xc8\v1.34\sources\common\llmod.c
		___llmod       		CODE           	3FA2	0000	113

D:\Program Files (x86)\Microchip\xc8\v1.34\sources\common\llmod.c estimated size: 113

Setup_Time.c
		_Decrease_Time 		CODE           	3768	0000	183
		_Update_Setup_S		CODE           	2598	0000	443
		_Update_Setup_T		CODE           	2906	0000	389
		_Do_Save_New_Ti		CODE           	4AF6	0000	21
		_Increase_Time 		CODE           	3982	0000	167
		_Do_Setup_Time 		CODE           	1FB4	0000	575
		_Update_Setup_S		CODE           	2752	0000	437
		_Initialize_Set		CODE           	2BE0	0000	319
		_Go_Next_Field 		CODE           	496E	0000	33
		_Go_Prev_Field 		CODE           	494E	0000	33
		_Exit_Time_Setu		CODE           	4BB0	0000	17

Setup_Time.c estimated size: 2617

