MPLINK 5.08, LINKER
Linker Map File - Created Mon Sep 23 13:57:39 2024

                                 Section Info
                  Section       Type    Address   Location Size(Bytes)
                ---------  ---------  ---------  ---------  ---------
                   .org_0       code   0x000000    program   0x00015c
                   .cinit    romdata   0x00015c    program   0x000002
.config_300001_BUILD/DEFAULT/PRODUCTION/LAB4_PH    romdata   0x300001    program   0x000001
.config_300002_BUILD/DEFAULT/PRODUCTION/LAB4_PH    romdata   0x300002    program   0x000001
.config_300003_BUILD/DEFAULT/PRODUCTION/LAB4_PH    romdata   0x300003    program   0x000001
.config_300006_BUILD/DEFAULT/PRODUCTION/LAB4_PH    romdata   0x300006    program   0x000001



                              Program Memory Usage 
                               Start         End      
                           ---------   ---------      
                            0x000000    0x00015d      
                            0x300001    0x300003      
                            0x300006    0x300006      
            354 out of 66584 program addresses used, program memory utilization is 0%



                              Symbols - Sorted by Name
                     Name    Address   Location    Storage File                     
                ---------  ---------  ---------  --------- ---------                
                       GT   0x0000bc    program     static C:\Users\kelly\OneDrive - Cal Poly Pomona\fall 2024\ece 3301L intro to microcontrollers lab\Lab 4\lab4_pH.X\lab4_pH.asm
                     JUMP   0x0000c0    program     static C:\Users\kelly\OneDrive - Cal Poly Pomona\fall 2024\ece 3301L intro to microcontrollers lab\Lab 4\lab4_pH.X\lab4_pH.asm
                     LESS   0x0000b6    program     static C:\Users\kelly\OneDrive - Cal Poly Pomona\fall 2024\ece 3301L intro to microcontrollers lab\Lab 4\lab4_pH.X\lab4_pH.asm
                MAIN_LOOP   0x0000ce    program     static C:\Users\kelly\OneDrive - Cal Poly Pomona\fall 2024\ece 3301L intro to microcontrollers lab\Lab 4\lab4_pH.X\lab4_pH.asm
         PERFORM_TASK_ADD   0x000116    program     static C:\Users\kelly\OneDrive - Cal Poly Pomona\fall 2024\ece 3301L intro to microcontrollers lab\Lab 4\lab4_pH.X\lab4_pH.asm
         PERFORM_TASK_AND   0x000124    program     static C:\Users\kelly\OneDrive - Cal Poly Pomona\fall 2024\ece 3301L intro to microcontrollers lab\Lab 4\lab4_pH.X\lab4_pH.asm
         PERFORM_TASK_BCD   0x00014e    program     static C:\Users\kelly\OneDrive - Cal Poly Pomona\fall 2024\ece 3301L intro to microcontrollers lab\Lab 4\lab4_pH.X\lab4_pH.asm
        PERFORM_TASK_COMP   0x000108    program     static C:\Users\kelly\OneDrive - Cal Poly Pomona\fall 2024\ece 3301L intro to microcontrollers lab\Lab 4\lab4_pH.X\lab4_pH.asm
         PERFORM_TASK_IOR   0x000132    program     static C:\Users\kelly\OneDrive - Cal Poly Pomona\fall 2024\ece 3301L intro to microcontrollers lab\Lab 4\lab4_pH.X\lab4_pH.asm
         PERFORM_TASK_XOR   0x000140    program     static C:\Users\kelly\OneDrive - Cal Poly Pomona\fall 2024\ece 3301L intro to microcontrollers lab\Lab 4\lab4_pH.X\lab4_pH.asm
         PORTE_BIT21_EQ00   0x0000fe    program     static C:\Users\kelly\OneDrive - Cal Poly Pomona\fall 2024\ece 3301L intro to microcontrollers lab\Lab 4\lab4_pH.X\lab4_pH.asm
         PORTE_BIT21_EQ01   0x0000f4    program     static C:\Users\kelly\OneDrive - Cal Poly Pomona\fall 2024\ece 3301L intro to microcontrollers lab\Lab 4\lab4_pH.X\lab4_pH.asm
         PORTE_BIT21_EQ10   0x0000f0    program     static C:\Users\kelly\OneDrive - Cal Poly Pomona\fall 2024\ece 3301L intro to microcontrollers lab\Lab 4\lab4_pH.X\lab4_pH.asm
         PORTE_BIT21_EQ11   0x0000ec    program     static C:\Users\kelly\OneDrive - Cal Poly Pomona\fall 2024\ece 3301L intro to microcontrollers lab\Lab 4\lab4_pH.X\lab4_pH.asm
           PORTE_BIT2_EQ0   0x0000e2    program     static C:\Users\kelly\OneDrive - Cal Poly Pomona\fall 2024\ece 3301L intro to microcontrollers lab\Lab 4\lab4_pH.X\lab4_pH.asm
           PORTE_BIT2_EQ1   0x0000d8    program     static C:\Users\kelly\OneDrive - Cal Poly Pomona\fall 2024\ece 3301L intro to microcontrollers lab\Lab 4\lab4_pH.X\lab4_pH.asm
                    START   0x000000    program     static C:\Users\kelly\OneDrive - Cal Poly Pomona\fall 2024\ece 3301L intro to microcontrollers lab\Lab 4\lab4_pH.X\lab4_pH.asm
                  SUB_ADD   0x000030    program     static C:\Users\kelly\OneDrive - Cal Poly Pomona\fall 2024\ece 3301L intro to microcontrollers lab\Lab 4\lab4_pH.X\lab4_pH.asm
                  SUB_AND   0x000068    program     static C:\Users\kelly\OneDrive - Cal Poly Pomona\fall 2024\ece 3301L intro to microcontrollers lab\Lab 4\lab4_pH.X\lab4_pH.asm
                  SUB_BCD   0x0000a4    program     static C:\Users\kelly\OneDrive - Cal Poly Pomona\fall 2024\ece 3301L intro to microcontrollers lab\Lab 4\lab4_pH.X\lab4_pH.asm
                 SUB_COMP   0x000018    program     static C:\Users\kelly\OneDrive - Cal Poly Pomona\fall 2024\ece 3301L intro to microcontrollers lab\Lab 4\lab4_pH.X\lab4_pH.asm
                  SUB_IOR   0x00004c    program     static C:\Users\kelly\OneDrive - Cal Poly Pomona\fall 2024\ece 3301L intro to microcontrollers lab\Lab 4\lab4_pH.X\lab4_pH.asm
                  SUB_XOR   0x000088    program     static C:\Users\kelly\OneDrive - Cal Poly Pomona\fall 2024\ece 3301L intro to microcontrollers lab\Lab 4\lab4_pH.X\lab4_pH.asm
            Z_CHECK_DONE1   0x00002e    program     static C:\Users\kelly\OneDrive - Cal Poly Pomona\fall 2024\ece 3301L intro to microcontrollers lab\Lab 4\lab4_pH.X\lab4_pH.asm
            Z_CHECK_DONE2   0x00004a    program     static C:\Users\kelly\OneDrive - Cal Poly Pomona\fall 2024\ece 3301L intro to microcontrollers lab\Lab 4\lab4_pH.X\lab4_pH.asm
            Z_CHECK_DONE3   0x000066    program     static C:\Users\kelly\OneDrive - Cal Poly Pomona\fall 2024\ece 3301L intro to microcontrollers lab\Lab 4\lab4_pH.X\lab4_pH.asm
            Z_CHECK_DONE4   0x000086    program     static C:\Users\kelly\OneDrive - Cal Poly Pomona\fall 2024\ece 3301L intro to microcontrollers lab\Lab 4\lab4_pH.X\lab4_pH.asm
            Z_CHECK_DONE5   0x0000a2    program     static C:\Users\kelly\OneDrive - Cal Poly Pomona\fall 2024\ece 3301L intro to microcontrollers lab\Lab 4\lab4_pH.X\lab4_pH.asm
            Z_CHECK_DONE6   0x0000cc    program     static C:\Users\kelly\OneDrive - Cal Poly Pomona\fall 2024\ece 3301L intro to microcontrollers lab\Lab 4\lab4_pH.X\lab4_pH.asm



                              Symbols - Sorted by Address
                     Name    Address   Location    Storage File                     
                ---------  ---------  ---------  --------- ---------                
                    START   0x000000    program     static C:\Users\kelly\OneDrive - Cal Poly Pomona\fall 2024\ece 3301L intro to microcontrollers lab\Lab 4\lab4_pH.X\lab4_pH.asm
                 SUB_COMP   0x000018    program     static C:\Users\kelly\OneDrive - Cal Poly Pomona\fall 2024\ece 3301L intro to microcontrollers lab\Lab 4\lab4_pH.X\lab4_pH.asm
            Z_CHECK_DONE1   0x00002e    program     static C:\Users\kelly\OneDrive - Cal Poly Pomona\fall 2024\ece 3301L intro to microcontrollers lab\Lab 4\lab4_pH.X\lab4_pH.asm
                  SUB_ADD   0x000030    program     static C:\Users\kelly\OneDrive - Cal Poly Pomona\fall 2024\ece 3301L intro to microcontrollers lab\Lab 4\lab4_pH.X\lab4_pH.asm
            Z_CHECK_DONE2   0x00004a    program     static C:\Users\kelly\OneDrive - Cal Poly Pomona\fall 2024\ece 3301L intro to microcontrollers lab\Lab 4\lab4_pH.X\lab4_pH.asm
                  SUB_IOR   0x00004c    program     static C:\Users\kelly\OneDrive - Cal Poly Pomona\fall 2024\ece 3301L intro to microcontrollers lab\Lab 4\lab4_pH.X\lab4_pH.asm
            Z_CHECK_DONE3   0x000066    program     static C:\Users\kelly\OneDrive - Cal Poly Pomona\fall 2024\ece 3301L intro to microcontrollers lab\Lab 4\lab4_pH.X\lab4_pH.asm
                  SUB_AND   0x000068    program     static C:\Users\kelly\OneDrive - Cal Poly Pomona\fall 2024\ece 3301L intro to microcontrollers lab\Lab 4\lab4_pH.X\lab4_pH.asm
            Z_CHECK_DONE4   0x000086    program     static C:\Users\kelly\OneDrive - Cal Poly Pomona\fall 2024\ece 3301L intro to microcontrollers lab\Lab 4\lab4_pH.X\lab4_pH.asm
                  SUB_XOR   0x000088    program     static C:\Users\kelly\OneDrive - Cal Poly Pomona\fall 2024\ece 3301L intro to microcontrollers lab\Lab 4\lab4_pH.X\lab4_pH.asm
            Z_CHECK_DONE5   0x0000a2    program     static C:\Users\kelly\OneDrive - Cal Poly Pomona\fall 2024\ece 3301L intro to microcontrollers lab\Lab 4\lab4_pH.X\lab4_pH.asm
                  SUB_BCD   0x0000a4    program     static C:\Users\kelly\OneDrive - Cal Poly Pomona\fall 2024\ece 3301L intro to microcontrollers lab\Lab 4\lab4_pH.X\lab4_pH.asm
                     LESS   0x0000b6    program     static C:\Users\kelly\OneDrive - Cal Poly Pomona\fall 2024\ece 3301L intro to microcontrollers lab\Lab 4\lab4_pH.X\lab4_pH.asm
                       GT   0x0000bc    program     static C:\Users\kelly\OneDrive - Cal Poly Pomona\fall 2024\ece 3301L intro to microcontrollers lab\Lab 4\lab4_pH.X\lab4_pH.asm
                     JUMP   0x0000c0    program     static C:\Users\kelly\OneDrive - Cal Poly Pomona\fall 2024\ece 3301L intro to microcontrollers lab\Lab 4\lab4_pH.X\lab4_pH.asm
            Z_CHECK_DONE6   0x0000cc    program     static C:\Users\kelly\OneDrive - Cal Poly Pomona\fall 2024\ece 3301L intro to microcontrollers lab\Lab 4\lab4_pH.X\lab4_pH.asm
                MAIN_LOOP   0x0000ce    program     static C:\Users\kelly\OneDrive - Cal Poly Pomona\fall 2024\ece 3301L intro to microcontrollers lab\Lab 4\lab4_pH.X\lab4_pH.asm
           PORTE_BIT2_EQ1   0x0000d8    program     static C:\Users\kelly\OneDrive - Cal Poly Pomona\fall 2024\ece 3301L intro to microcontrollers lab\Lab 4\lab4_pH.X\lab4_pH.asm
           PORTE_BIT2_EQ0   0x0000e2    program     static C:\Users\kelly\OneDrive - Cal Poly Pomona\fall 2024\ece 3301L intro to microcontrollers lab\Lab 4\lab4_pH.X\lab4_pH.asm
         PORTE_BIT21_EQ11   0x0000ec    program     static C:\Users\kelly\OneDrive - Cal Poly Pomona\fall 2024\ece 3301L intro to microcontrollers lab\Lab 4\lab4_pH.X\lab4_pH.asm
         PORTE_BIT21_EQ10   0x0000f0    program     static C:\Users\kelly\OneDrive - Cal Poly Pomona\fall 2024\ece 3301L intro to microcontrollers lab\Lab 4\lab4_pH.X\lab4_pH.asm
         PORTE_BIT21_EQ01   0x0000f4    program     static C:\Users\kelly\OneDrive - Cal Poly Pomona\fall 2024\ece 3301L intro to microcontrollers lab\Lab 4\lab4_pH.X\lab4_pH.asm
         PORTE_BIT21_EQ00   0x0000fe    program     static C:\Users\kelly\OneDrive - Cal Poly Pomona\fall 2024\ece 3301L intro to microcontrollers lab\Lab 4\lab4_pH.X\lab4_pH.asm
        PERFORM_TASK_COMP   0x000108    program     static C:\Users\kelly\OneDrive - Cal Poly Pomona\fall 2024\ece 3301L intro to microcontrollers lab\Lab 4\lab4_pH.X\lab4_pH.asm
         PERFORM_TASK_ADD   0x000116    program     static C:\Users\kelly\OneDrive - Cal Poly Pomona\fall 2024\ece 3301L intro to microcontrollers lab\Lab 4\lab4_pH.X\lab4_pH.asm
         PERFORM_TASK_AND   0x000124    program     static C:\Users\kelly\OneDrive - Cal Poly Pomona\fall 2024\ece 3301L intro to microcontrollers lab\Lab 4\lab4_pH.X\lab4_pH.asm
         PERFORM_TASK_IOR   0x000132    program     static C:\Users\kelly\OneDrive - Cal Poly Pomona\fall 2024\ece 3301L intro to microcontrollers lab\Lab 4\lab4_pH.X\lab4_pH.asm
         PERFORM_TASK_XOR   0x000140    program     static C:\Users\kelly\OneDrive - Cal Poly Pomona\fall 2024\ece 3301L intro to microcontrollers lab\Lab 4\lab4_pH.X\lab4_pH.asm
         PERFORM_TASK_BCD   0x00014e    program     static C:\Users\kelly\OneDrive - Cal Poly Pomona\fall 2024\ece 3301L intro to microcontrollers lab\Lab 4\lab4_pH.X\lab4_pH.asm


