Microchip MPLAB XC8 Compiler V1.34 ()

Linker command line:

-W-3 --edf=D:\Program Files (x86)\Microchip\xc8\v1.34\dat\en_msgs.txt -cs \
  -h+dist/default/production\lab8.X.production.sym \
  --cmf=dist/default/production\lab8.X.production.cmf -z -Q18F4620 \
  -oC:\Users\kelly\AppData\Local\Temp\sgvo.6 \
  -Mdist/default/production/lab8.X.production.map -E1 -ver=XC8 \
  -ASTACK=0B5h-0f7fh -pstack=STACK -ACODE=00h-0FFFFh -ACONST=00h-0FFFFh \
  -ASMALLCONST=01000h-010FFhx240 -AMEDIUMCONST=01000h-0FFFFh \
  -ACOMRAM=01h-07Fh -AABS1=00h-0F7Fh -ABIGRAM=01h-0F7Fh \
  -ARAM=080h-0FFh,0100h-01FFhx14,0F00h-0F7Fh -ABANK0=080h-0FFh \
  -ABANK1=0100h-01FFh -ABANK2=0200h-02FFh -ABANK3=0300h-03FFh \
  -ABANK4=0400h-04FFh -ABANK5=0500h-05FFh -ABANK6=0600h-06FFh \
  -ABANK7=0700h-07FFh -ABANK8=0800h-08FFh -ABANK9=0900h-09FFh \
  -ABANK10=0A00h-0AFFh -ABANK11=0B00h-0BFFh -ABANK12=0C00h-0CFFh \
  -ABANK13=0D00h-0DFFh -ABANK14=0E00h-0EFFh -ABANK15=0F00h-0F7Fh \
  -ASFR=0F80h-0FFFh -preset_vec=00h,intcode,intcodelo,powerup,init,end_init \
  -pramtop=01000h -psmallconst=SMALLCONST -pmediumconst=MEDIUMCONST \
  -pconst=CONST -AFARRAM=00h-00h -ACONFIG=0300000h-030000Dh -pconfig=CONFIG \
  -AIDLOC=0200000h-0200007h -pidloc=IDLOC -AEEDATA=0F00000h-0F003FFh \
  -peeprom_data=EEDATA \
  -prdata=COMRAM,nvrram=COMRAM,nvbit=COMRAM,rbss=COMRAM,rbit=COMRAM \
  -pfarbss=FARRAM,fardata=FARRAM,nvFARRAM=FARRAM \
  -pintsave_regs=BIGRAM,bigbss=BIGRAM,bigdata=BIGRAM -pbss=RAM \
  -pidata=CODE,irdata=CODE,ibigdata=CODE,ifardata=CODE -prparam=COMRAM \
  C:\Users\kelly\AppData\Local\Temp\sgvo.obj \
  dist/default/production\lab8.X.production.obj 

Object code version is 3.11

Machine type is 18F4620

Call graph: (short form)




                Name                               Link     Load   Length Selector   Space Scale
C:\Users\kelly\AppData\Local\Temp\sgvo.obj
                end_init                              0        0        4        0       0
                config                           300000   300000        8   300000       0
dist/default/production\lab8.X.production.obj
                mediumconst                        FDCE     FDCE      232     7EE7       0
                text37                             E55A     E55A        2     72AD       0
                text36                             E55E     E55E        E     72AF       0
                text35                             EA26     EA26       70     7513       0
                text34                             E59E     E59E       14     72CF       0
                text33                             E61E     E61E       28     730F       0
                text32                             E84C     E84C       52     7426       0
                text31                             E58C     E58C       12     72C6       0
                text30                             E5B2     E5B2       14     72D9       0
                text29                             E56C     E56C       10     72B6       0
                text28                             E57C     E57C       10     72BE       0
                text27                             F106     F106      110     7883       0
                text26                             E738     E738       3E     739C       0
                text25                             F014     F014       F2     780A       0
                text24                             E670     E670       2A     7338       0
                text23                             E7FE     E7FE       4E     73FF       0
                text22                             E69A     E69A       30     734D       0
                text21                             F4A4     F4A4      1AE     7A52       0
                text20                             EB0C     EB0C       88     7586       0
                text19                             EB94     EB94       88     75CA       0
                text18                             E952     E952       66     74A9       0
                text17                             E7B4     E7B4       4A     73DA       0
                text16                             F34E     F34E      156     79A7       0
                text15                             E776     E776       3E     73BB       0
                text14                             EE54     EE54       DE     772A       0
                text13                             F216     F216      138     790B       0
                text12                             E89E     E89E       52     744F       0
                text11                             ED78     ED78       DC     76BC       0
                text10                             E5DC     E5DC       1C     72EE       0
                text9                              E6CA     E6CA       32     7365       0
                text8                              F652     F652      77C     7B29       0
                text7                              E55C     E55C        2     72AE       0
                text6                              ECB2     ECB2       C6     7659       0
                text5                              E6FC     E6FC       3C     737E       0
                text4                              EF32     EF32       E2     7799       0
                text3                              E5F8     E5F8       26     72FC       0
                text2                              E9B8     E9B8       6E     74DC       0
                text1                              EC1C     EC1C       96     760E       0
                text0                              EA96     EA96       76     754B       0
                cstackCOMRAM                          1        1       39        1       1
                dataBANK0                            9F       9F       16       80       1
                bssBANK0                             80       80       1F       80       1
                dataCOMRAM                           3A       3A       29        1       1
                bssCOMRAM                            63       63       14        1       1
                cinit                              E8F0     E8F0       62     7478       0
                idataBANK0                         E5C6     E5C6       16     E5C6       0
                idataCOMRAM                        E647     E647       29     E647       0

TOTAL           Name                               Link     Load   Length     Space
        CLASS   STACK          

        CLASS   CODE           
                end_init                              0        0        4         0
                text37                             E55A     E55A        2         0
                text36                             E55E     E55E        E         0
                text35                             EA26     EA26       70         0
                text34                             E59E     E59E       14         0
                text33                             E61E     E61E       28         0
                text32                             E84C     E84C       52         0
                text31                             E58C     E58C       12         0
                text30                             E5B2     E5B2       14         0
                text29                             E56C     E56C       10         0
                text28                             E57C     E57C       10         0
                text27                             F106     F106      110         0
                text26                             E738     E738       3E         0
                text25                             F014     F014       F2         0
                text24                             E670     E670       2A         0
                text23                             E7FE     E7FE       4E         0
                text22                             E69A     E69A       30         0
                text21                             F4A4     F4A4      1AE         0
                text20                             EB0C     EB0C       88         0
                text19                             EB94     EB94       88         0
                text18                             E952     E952       66         0
                text17                             E7B4     E7B4       4A         0
                text16                             F34E     F34E      156         0
                text15                             E776     E776       3E         0
                text14                             EE54     EE54       DE         0
                text13                             F216     F216      138         0
                text12                             E89E     E89E       52         0
                text11                             ED78     ED78       DC         0
                text10                             E5DC     E5DC       1C         0
                text9                              E6CA     E6CA       32         0
                text8                              F652     F652      77C         0
                text7                              E55C     E55C        2         0
                text6                              ECB2     ECB2       C6         0
                text5                              E6FC     E6FC       3C         0
                text4                              EF32     EF32       E2         0
                text3                              E5F8     E5F8       26         0
                text2                              E9B8     E9B8       6E         0
                text1                              EC1C     EC1C       96         0
                text0                              EA96     EA96       76         0
                cinit                              E8F0     E8F0       62         0
                idataBANK0                         E5C6     E5C6       16         0
                idataCOMRAM                        E647     E647       29         0

        CLASS   CONST          

        CLASS   SMALLCONST     

        CLASS   MEDIUMCONST    
                mediumconst                        FDCE     FDCE      232         0

        CLASS   COMRAM         
                cstackCOMRAM                          1        1       39         1
                dataCOMRAM                           3A       3A       29         1
                bssCOMRAM                            63       63       14         1

        CLASS   ABS1           

        CLASS   BIGRAM         

        CLASS   RAM            

        CLASS   BANK0          
                dataBANK0                            9F       9F       16         1
                bssBANK0                             80       80       1F         1

        CLASS   BANK1          

        CLASS   BANK2          

        CLASS   BANK3          

        CLASS   BANK4          

        CLASS   BANK5          

        CLASS   BANK6          

        CLASS   BANK7          

        CLASS   BANK8          

        CLASS   BANK9          

        CLASS   BANK10         

        CLASS   BANK11         

        CLASS   BANK12         

        CLASS   BANK13         

        CLASS   BANK14         

        CLASS   BANK15         

        CLASS   SFR            

        CLASS   FARRAM         

        CLASS   CONFIG         
                config                           300000   300000        8         0

        CLASS   IDLOC          

        CLASS   EEDATA         



SEGMENTS        Name                           Load    Length   Top    Selector   Space  Class

                reset_vec                      000000  000004  000004         0       0  CODE    
                cstackCOMRAM                   000001  000076  000077         1       1  COMRAM  
                bssBANK0                       000080  000035  0000B5        80       1  BANK0   
                text37                         00E55A  000002  00E55C      72AD       0  CODE    
                text7                          00E55C  000002  00E55E      72AE       0  CODE    
                text36                         00E55E  00000E  00E56C      72AF       0  CODE    
                text29                         00E56C  000010  00E57C      72B6       0  CODE    
                text28                         00E57C  000010  00E58C      72BE       0  CODE    
                text31                         00E58C  000012  00E59E      72C6       0  CODE    
                text34                         00E59E  000014  00E5B2      72CF       0  CODE    
                text30                         00E5B2  000014  00E5C6      72D9       0  CODE    
                idataBANK0                     00E5C6  000016  00E5DC      E5C6       0  CODE    
                text10                         00E5DC  00001C  00E5F8      72EE       0  CODE    
                text3                          00E5F8  000026  00E61E      72FC       0  CODE    
                text33                         00E61E  000028  00E646      730F       0  CODE    
                idataCOMRAM                    00E647  000029  00E670      E647       0  CODE    
                text24                         00E670  00002A  00E69A      7338       0  CODE    
                text22                         00E69A  000030  00E6CA      734D       0  CODE    
                text9                          00E6CA  000032  00E6FC      7365       0  CODE    
                text5                          00E6FC  00003C  00E738      737E       0  CODE    
                text26                         00E738  00003E  00E776      739C       0  CODE    
                text15                         00E776  00003E  00E7B4      73BB       0  CODE    
                text17                         00E7B4  00004A  00E7FE      73DA       0  CODE    
                text23                         00E7FE  00004E  00E84C      73FF       0  CODE    
                text32                         00E84C  000052  00E89E      7426       0  CODE    
                text12                         00E89E  000052  00E8F0      744F       0  CODE    
                cinit                          00E8F0  000062  00E952      7478       0  CODE    
                text18                         00E952  000066  00E9B8      74A9       0  CODE    
                text2                          00E9B8  00006E  00EA26      74DC       0  CODE    
                text35                         00EA26  000070  00EA96      7513       0  CODE    
                text0                          00EA96  000076  00EB0C      754B       0  CODE    
                text20                         00EB0C  000088  00EB94      7586       0  CODE    
                text19                         00EB94  000088  00EC1C      75CA       0  CODE    
                text1                          00EC1C  000096  00ECB2      760E       0  CODE    
                text6                          00ECB2  0000C6  00ED78      7659       0  CODE    
                text11                         00ED78  0000DC  00EE54      76BC       0  CODE    
                text14                         00EE54  0000DE  00EF32      772A       0  CODE    
                text4                          00EF32  0000E2  00F014      7799       0  CODE    
                text25                         00F014  0000F2  00F106      780A       0  CODE    
                text27                         00F106  000110  00F216      7883       0  CODE    
                text13                         00F216  000138  00F34E      790B       0  CODE    
                text16                         00F34E  000156  00F4A4      79A7       0  CODE    
                text21                         00F4A4  0001AE  00F652      7A52       0  CODE    
                text8                          00F652  00077C  00FDCE      7B29       0  CODE    
                mediumconst                    00FDCE  000232  010000      7EE7       0  MEDIUMCO
                config                         300000  000008  300008    300000       0  CONFIG  


UNUSED ADDRESS RANGES

        Name                Unused          Largest block    Delta
        BANK0            0000B5-0000FF               4B
        BANK1            000100-0001FF              100
        BANK10           000A00-000AFF              100
        BANK11           000B00-000BFF              100
        BANK12           000C00-000CFF              100
        BANK13           000D00-000DFF              100
        BANK14           000E00-000EFF              100
        BANK15           000F00-000F7F               80
        BANK2            000200-0002FF              100
        BANK3            000300-0003FF              100
        BANK4            000400-0004FF              100
        BANK5            000500-0005FF              100
        BANK6            000600-0006FF              100
        BANK7            000700-0007FF              100
        BANK8            000800-0008FF              100
        BANK9            000900-0009FF              100
        BIGRAM           000077-00007F                9
                         0000B5-000F7F              ECB
        CODE             000004-00E559             E556
                         00E646-00E646                1
        COMRAM           000077-00007F                9
        CONFIG           300008-30000D                6
        CONST            000004-00E559             E556
                         00E646-00E646                1
        EEDATA           F00000-F003FF              400
        IDLOC            200000-200007                8
        MEDIUMCONST      001000-00E559             D55A
                         00E646-00E646                1
        RAM              0000B5-000F7F              100
        SFR              000F80-000FFF               80
        SMALLCONST       001000-00E559              100
                         00E646-00E646                1
        STACK            0000B5-000F7F              ECB

                                  Symbol Table

?_Read_Volt                       cstackCOMRAM 00001C
?___awtoft                        cstackCOMRAM 000009
?___ftdiv                         cstackCOMRAM 00000D
?___ftpack                        cstackCOMRAM 000001
?___wmul                          cstackCOMRAM 000001
?_get_full_ADC                    cstackCOMRAM 000001
?_strlen                          cstackCOMRAM 000001
OpenUSART@config                  cstackCOMRAM 000003
OpenUSART@spbrg                   cstackCOMRAM 000001
Read_Volt@ADC_Channel             cstackCOMRAM 000024
Read_Volt@nStep                   cstackCOMRAM 000022
Read_Volt@volt                    cstackCOMRAM 00001F
_ADCON0                           (abs)        000FC2
_ADCON0bits                       (abs)        000FC2
_ADCON1                           (abs)        000FC1
_ADCON2                           (abs)        000FC0
_ADRESH                           (abs)        000FC4
_ADRESL                           (abs)        000FC3
_Act_Mode_Txt                     dataCOMRAM   000055
_CCP2CON                          (abs)        000FBA
_CCPR2L                           (abs)        000FBB
_Count                            bssCOMRAM    00006A
_Day_Mode                         text37       00E55A
_EWLT_Count                       dataCOMRAM   000040
_EW_Count                         dataCOMRAM   000043
_FlashingR_Txt                    dataCOMRAM   000057
_FlashingS_Txt                    dataCOMRAM   000059
_INTCONbits                       (abs)        000FF2
_Init_ADC                         text36       00E55E
_Init_UART                        text34       00E59E
_Initialize_LCD_Screen            text8        00F652
_LCD_Reset                        text31       00E58C
_Light_Sensor                     bssCOMRAM    00006B
_Light_Sensor_Mode_Txt            dataCOMRAM   000046
_Light_Sensor_Voltage_Txt         dataCOMRAM   00003B
_MODE                             bssCOMRAM    00006C
_NSLT_Count                       dataCOMRAM   000049
_NS_Count                         dataCOMRAM   00004C
_Night_Mode                       text7        00E55C
_OSCCON                           (abs)        000FD3
_OpenUSART                        text35       00EA26
_PED_Count                        bssCOMRAM    00006D
_PED_EW_Count                     dataCOMRAM   00004F
_PED_NS_Count                     dataCOMRAM   000052
_PIE1bits                         (abs)        000F9D
_PIR1bits                         (abs)        000F9E
_PIR2bits                         (abs)        000FA1
_PORTAbits                        (abs)        000F80
_PORTCbits                        (abs)        000F82
_PORTDbits                        (abs)        000F83
_PR2                              (abs)        000FCB
_RCSTA                            (abs)        000FAB
_RCSTAbits                        (abs)        000FAB
_Rcmd1                            text27       00F106
_Rcmd2red                         text26       00E738
_Rcmd3                            text25       00F014
_Read_Volt                        text2        00E9B8
_SPBRG                            (abs)        000FAF
_SPBRGH                           (abs)        000FB0
_SSPBUF                           (abs)        000FC9
_SSPCON1                          (abs)        000FC6
_SSPSTAT                          (abs)        000FC7
_SSPSTATbits                      (abs)        000FC7
_SW_EWLT                          bssCOMRAM    00006E
_SW_EWLT_Txt                      dataCOMRAM   00005B
_SW_EWPED                         bssCOMRAM    00006F
_SW_EWPED_Txt                     dataCOMRAM   00005D
_SW_NSLT                          bssCOMRAM    000070
_SW_NSLT_Txt                      dataCOMRAM   00005F
_SW_NSPED                         bssCOMRAM    000071
_SW_NSPED_Txt                     dataCOMRAM   000061
_T0CON                            (abs)        000FD5
_T0CONbits                        (abs)        000FD5
_T2CON                            (abs)        000FCA
_T3CON                            (abs)        000FB1
_T3CONbits                        (abs)        000FB1
_TFT_GreenTab_Initialize          text24       00E670
_TMR0H                            (abs)        000FD7
_TMR0L                            (abs)        000FD6
_TMR3H                            (abs)        000FB3
_TMR3L                            (abs)        000FB2
_TRISA                            (abs)        000F92
_TRISB                            (abs)        000F93
_TRISC                            (abs)        000F94
_TRISCbits                        (abs)        000F94
_TRISD                            (abs)        000F95
_TRISE                            (abs)        000F96
_TRMT                             (abs)        007D61
_TXREG                            (abs)        000FAD
_TXSTA                            (abs)        000FAC
_TXSTAbits                        (abs)        000FAC
_Timing_Txt                       dataBANK0    00009F
__CFG_BOREN$OFF                   (abs)        000000
__CFG_LVP$OFF                     (abs)        000000
__CFG_OSC$INTIO67                 (abs)        000000
__CFG_WDT$OFF                     (abs)        000000
__HRAM                            (abs)        000000
__Habs1                           abs1         000000
__Hbank0                          bank0        000000
__Hbank1                          bank1        000000
__Hbank10                         bank10       000000
__Hbank11                         bank11       000000
__Hbank12                         bank12       000000
__Hbank13                         bank13       000000
__Hbank14                         bank14       000000
__Hbank15                         bank15       000000
__Hbank2                          bank2        000000
__Hbank3                          bank3        000000
__Hbank4                          bank4        000000
__Hbank5                          bank5        000000
__Hbank6                          bank6        000000
__Hbank7                          bank7        000000
__Hbank8                          bank8        000000
__Hbank9                          bank9        000000
__Hbigbss                         bigbss       000000
__Hbigdata                        bigdata      000000
__Hbigram                         bigram       000000
__Hbss                            bss          000000
__HbssBANK0                       bssBANK0     000000
__HbssCOMRAM                      bssCOMRAM    000000
__Hcinit                          cinit        000000
__Hclrtext                        clrtext      000000
__Hcomram                         comram       000000
__Hconfig                         config       300008
__Hconst                          const        000000
__HcstackCOMRAM                   cstackCOMRAM 000000
__Hdata                           data         000000
__HdataBANK0                      dataBANK0    000000
__HdataCOMRAM                     dataCOMRAM   000000
__Heeprom_data                    eeprom_data  000000
__Hend_init                       end_init     000004
__Hfarbss                         farbss       000000
__Hfardata                        fardata      000000
__Hibigdata                       ibigdata     000000
__Hidata                          idata        000000
__HidataBANK0                     idataBANK0   000000
__HidataCOMRAM                    idataCOMRAM  000000
__Hidloc                          idloc        000000
__Hifardata                       ifardata     000000
__Hinit                           init         000000
__Hintcode                        intcode      000000
__Hintcode_body                   intcode_body 000000
__Hintcodelo                      intcodelo    000000
__Hintentry                       intentry     000000
__Hintret                         intret       000000
__Hintsave_regs                   intsave_regs 000000
__Hirdata                         irdata       000000
__Hmediumconst                    mediumconst  010000
__HnvFARRAM                       nvFARRAM     000000
__Hnvbit                          nvbit        000000
__Hnvrram                         nvrram       000000
__Hparam                          rparam       000000
__Hpowerup                        powerup      000000
__Hram                            ram          000000
__Hramtop                         ramtop       001000
__Hrbit                           rbit         000000
__Hrbss                           rbss         000000
__Hrdata                          rdata        000000
__Hreset_vec                      reset_vec    000000
__Hrparam                         rparam       000000
__Hsfr                            sfr          000000
__Hsmallconst                     smallconst   000000
__Hspace_0                        (abs)        300008
__Hspace_1                        (abs)        0000B5
__Hspace_2                        (abs)        000000
__Hstack                          stack        000000
__Hstruct                         struct       000000
__Htemp                           temp         000000
__Htext                           text         000000
__Htext0                          text0        000000
__Htext1                          text1        000000
__Htext10                         text10       000000
__Htext11                         text11       000000
__Htext12                         text12       000000
__Htext13                         text13       000000
__Htext14                         text14       000000
__Htext15                         text15       000000
__Htext16                         text16       000000
__Htext17                         text17       000000
__Htext18                         text18       000000
__Htext19                         text19       000000
__Htext2                          text2        000000
__Htext20                         text20       000000
__Htext21                         text21       000000
__Htext22                         text22       000000
__Htext23                         text23       000000
__Htext24                         text24       000000
__Htext25                         text25       000000
__Htext26                         text26       000000
__Htext27                         text27       000000
__Htext28                         text28       000000
__Htext29                         text29       000000
__Htext3                          text3        000000
__Htext30                         text30       000000
__Htext31                         text31       000000
__Htext32                         text32       000000
__Htext33                         text33       000000
__Htext34                         text34       000000
__Htext35                         text35       000000
__Htext36                         text36       000000
__Htext37                         text37       000000
__Htext4                          text4        000000
__Htext5                          text5        000000
__Htext6                          text6        000000
__Htext7                          text7        000000
__Htext8                          text8        000000
__Htext9                          text9        000000
__LRAM                            (abs)        000001
__Labs1                           abs1         000000
__Lbank0                          bank0        000000
__Lbank1                          bank1        000000
__Lbank10                         bank10       000000
__Lbank11                         bank11       000000
__Lbank12                         bank12       000000
__Lbank13                         bank13       000000
__Lbank14                         bank14       000000
__Lbank15                         bank15       000000
__Lbank2                          bank2        000000
__Lbank3                          bank3        000000
__Lbank4                          bank4        000000
__Lbank5                          bank5        000000
__Lbank6                          bank6        000000
__Lbank7                          bank7        000000
__Lbank8                          bank8        000000
__Lbank9                          bank9        000000
__Lbigbss                         bigbss       000000
__Lbigdata                        bigdata      000000
__Lbigram                         bigram       000000
__Lbss                            bss          000000
__LbssBANK0                       bssBANK0     000000
__LbssCOMRAM                      bssCOMRAM    000000
__Lcinit                          cinit        000000
__Lclrtext                        clrtext      000000
__Lcomram                         comram       000000
__Lconfig                         config       300000
__Lconst                          const        000000
__LcstackCOMRAM                   cstackCOMRAM 000000
__Ldata                           data         000000
__LdataBANK0                      dataBANK0    000000
__LdataCOMRAM                     dataCOMRAM   000000
__Leeprom_data                    eeprom_data  000000
__Lend_init                       end_init     000000
__Lfarbss                         farbss       000000
__Lfardata                        fardata      000000
__Libigdata                       ibigdata     000000
__Lidata                          idata        000000
__LidataBANK0                     idataBANK0   000000
__LidataCOMRAM                    idataCOMRAM  000000
__Lidloc                          idloc        000000
__Lifardata                       ifardata     000000
__Linit                           init         000000
__Lintcode                        intcode      000000
__Lintcode_body                   intcode_body 000000
__Lintcodelo                      intcodelo    000000
__Lintentry                       intentry     000000
__Lintret                         intret       000000
__Lintsave_regs                   intsave_regs 000000
__Lirdata                         irdata       000000
__Lmediumconst                    mediumconst  00FDCE
__LnvFARRAM                       nvFARRAM     000000
__Lnvbit                          nvbit        000000
__Lnvrram                         nvrram       000000
__Lparam                          rparam       000000
__Lpowerup                        powerup      000000
__Lram                            ram          000000
__Lramtop                         ramtop       001000
__Lrbit                           rbit         000000
__Lrbss                           rbss         000000
__Lrdata                          rdata        000000
__Lreset_vec                      reset_vec    000000
__Lrparam                         rparam       000000
__Lsfr                            sfr          000000
__Lsmallconst                     smallconst   000000
__Lspace_0                        (abs)        000000
__Lspace_1                        (abs)        000000
__Lspace_2                        (abs)        000000
__Lstack                          stack        000000
__Lstruct                         struct       000000
__Ltemp                           temp         000000
__Ltext                           text         000000
__Ltext0                          text0        000000
__Ltext1                          text1        000000
__Ltext10                         text10       000000
__Ltext11                         text11       000000
__Ltext12                         text12       000000
__Ltext13                         text13       000000
__Ltext14                         text14       000000
__Ltext15                         text15       000000
__Ltext16                         text16       000000
__Ltext17                         text17       000000
__Ltext18                         text18       000000
__Ltext19                         text19       000000
__Ltext2                          text2        000000
__Ltext20                         text20       000000
__Ltext21                         text21       000000
__Ltext22                         text22       000000
__Ltext23                         text23       000000
__Ltext24                         text24       000000
__Ltext25                         text25       000000
__Ltext26                         text26       000000
__Ltext27                         text27       000000
__Ltext28                         text28       000000
__Ltext29                         text29       000000
__Ltext3                          text3        000000
__Ltext30                         text30       000000
__Ltext31                         text31       000000
__Ltext32                         text32       000000
__Ltext33                         text33       000000
__Ltext34                         text34       000000
__Ltext35                         text35       000000
__Ltext36                         text36       000000
__Ltext37                         text37       000000
__Ltext4                          text4        000000
__Ltext5                          text5        000000
__Ltext6                          text6        000000
__Ltext7                          text7        000000
__Ltext8                          text8        000000
__Ltext9                          text9        000000
__S0                              (abs)        300008
__S1                              (abs)        0000B5
__S2                              (abs)        000000
___awtoft                         text5        00E6FC
___awtoft@c                       cstackCOMRAM 000009
___awtoft@sign                    cstackCOMRAM 00000C
___ftdiv                          text4        00EF32
___ftdiv@cntr                     cstackCOMRAM 000016
___ftdiv@exp                      cstackCOMRAM 00001A
___ftdiv@f1                       cstackCOMRAM 00000D
___ftdiv@f2                       cstackCOMRAM 000010
___ftdiv@f3                       cstackCOMRAM 000017
___ftdiv@sign                     cstackCOMRAM 00001B
___ftge                           text1        00EC1C
___ftge@ff1                       cstackCOMRAM 000001
___ftge@ff2                       cstackCOMRAM 000004
___ftpack                         text6        00ECB2
___ftpack@arg                     cstackCOMRAM 000001
___ftpack@exp                     cstackCOMRAM 000004
___ftpack@sign                    cstackCOMRAM 000005
___inthi_sp                       stack        000000
___intlo_sp                       stack        000000
___param_bank                     (abs)        000010
___rparam_used                    (abs)        000001
___sp                             stack        000000
___wmul                           text33       00E61E
___wmul@multiplicand              cstackCOMRAM 000003
___wmul@multiplier                cstackCOMRAM 000001
___wmul@product                   cstackCOMRAM 000005
__accesstop                       (abs)        000080
__activetblptr                    (abs)        000002
__end_of_Day_Mode                 text37       00E55C
__end_of_Init_ADC                 text36       00E56C
__end_of_Init_UART                text34       00E5B2
__end_of_Initialize_LCD_Screen    text8        00FDCE
__end_of_LCD_Reset                text31       00E59E
__end_of_Night_Mode               text7        00E55E
__end_of_OpenUSART                text35       00EA96
__end_of_Rcmd1                    text27       00F216
__end_of_Rcmd2red                 text26       00E776
__end_of_Rcmd3                    text25       00F106
__end_of_Read_Volt                text2        00EA26
__end_of_TFT_GreenTab_Initialize  text24       00E69A
__end_of___awtoft                 text5        00E738
__end_of___ftdiv                  text4        00F014
__end_of___ftge                   text1        00ECB2
__end_of___ftpack                 text6        00ED78
__end_of___wmul                   text33       00E646
__end_of__initialization          cinit        00E948
__end_of_delay_ms                 text32       00E89E
__end_of_drawChar                 text16       00F4A4
__end_of_drawCircle               text21       00F652
__end_of_drawFastHLine            text20       00EB94
__end_of_drawFastVLine            text19       00EC1C
__end_of_drawPixel                text22       00E6CA
__end_of_drawRect                 text18       00E9B8
__end_of_drawtext                 text14       00EF32
__end_of_fillCircle               text12       00E8F0
__end_of_fillCircleHelper         text13       00F34E
__end_of_fillRect                 text17       00E7FE
__end_of_fillRectangle            text11       00EE54
__end_of_fillScreen               text10       00E5F8
__end_of_font                     mediumconst  00FECE
__end_of_font2                    mediumconst  00FFAA
__end_of_get_full_ADC             text3        00E61E
__end_of_main                     text0        00EB0C
__end_of_setAddrWindow            text23       00E84C
__end_of_spiwrite                 text30       00E5C6
__end_of_strcpy                   text9        00E6FC
__end_of_strlen                   text15       00E7B4
__end_of_write_command            text29       00E57C
__end_of_write_data               text28       00E58C
__initialization                  cinit        00E8F0
__mediumconst                     mediumconst  00FDCE
__pbssBANK0                       bssBANK0     000080
__pbssCOMRAM                      bssCOMRAM    000063
__pcinit                          cinit        00E8F0
__pcstackCOMRAM                   cstackCOMRAM 000001
__pdataBANK0                      dataBANK0    00009F
__pdataCOMRAM                     dataCOMRAM   00003A
__pidataBANK0                     idataBANK0   00E5C6
__pidataCOMRAM                    idataCOMRAM  00E647
__pmediumconst                    mediumconst  00FDCE
__ptext0                          text0        00EA96
__ptext1                          text1        00EC1C
__ptext10                         text10       00E5DC
__ptext11                         text11       00ED78
__ptext12                         text12       00E89E
__ptext13                         text13       00F216
__ptext14                         text14       00EE54
__ptext15                         text15       00E776
__ptext16                         text16       00F34E
__ptext17                         text17       00E7B4
__ptext18                         text18       00E952
__ptext19                         text19       00EB94
__ptext2                          text2        00E9B8
__ptext20                         text20       00EB0C
__ptext21                         text21       00F4A4
__ptext22                         text22       00E69A
__ptext23                         text23       00E7FE
__ptext24                         text24       00E670
__ptext25                         text25       00F014
__ptext26                         text26       00E738
__ptext27                         text27       00F106
__ptext28                         text28       00E57C
__ptext29                         text29       00E56C
__ptext3                          text3        00E5F8
__ptext30                         text30       00E5B2
__ptext31                         text31       00E58C
__ptext32                         text32       00E84C
__ptext33                         text33       00E61E
__ptext34                         text34       00E59E
__ptext35                         text35       00EA26
__ptext36                         text36       00E55E
__ptext37                         text37       00E55A
__ptext4                          text4        00EF32
__ptext5                          text5        00E6FC
__ptext6                          text6        00ECB2
__ptext7                          text7        00E55C
__ptext8                          text8        00F652
__ptext9                          text9        00E6CA
__ramtop                          ramtop       001000
__size_of_Day_Mode                (abs)        000000
__size_of_Init_ADC                (abs)        000000
__size_of_Init_UART               (abs)        000000
__size_of_Initialize_LCD_Screen   (abs)        000000
__size_of_LCD_Reset               (abs)        000000
__size_of_Night_Mode              (abs)        000000
__size_of_OpenUSART               (abs)        000000
__size_of_Rcmd1                   (abs)        000000
__size_of_Rcmd2red                (abs)        000000
__size_of_Rcmd3                   (abs)        000000
__size_of_Read_Volt               (abs)        000000
__size_of_TFT_GreenTab_Initialize (abs)        000000
__size_of___awtoft                (abs)        000000
__size_of___ftdiv                 (abs)        000000
__size_of___ftge                  (abs)        000000
__size_of___ftpack                (abs)        000000
__size_of___wmul                  (abs)        000000
__size_of_delay_ms                (abs)        000000
__size_of_drawChar                (abs)        000000
__size_of_drawCircle              (abs)        000000
__size_of_drawFastHLine           (abs)        000000
__size_of_drawFastVLine           (abs)        000000
__size_of_drawPixel               (abs)        000000
__size_of_drawRect                (abs)        000000
__size_of_drawtext                (abs)        000000
__size_of_fillCircle              (abs)        000000
__size_of_fillCircleHelper        (abs)        000000
__size_of_fillRect                (abs)        000000
__size_of_fillRectangle           (abs)        000000
__size_of_fillScreen              (abs)        000000
__size_of_get_full_ADC            (abs)        000000
__size_of_main                    (abs)        000000
__size_of_setAddrWindow           (abs)        000000
__size_of_spiwrite                (abs)        000000
__size_of_strcpy                  (abs)        000000
__size_of_strlen                  (abs)        000000
__size_of_write_command           (abs)        000000
__size_of_write_data              (abs)        000000
__smallconst                      smallconst   000000
__tft_type                        bssCOMRAM    000072
_buffer                           bssBANK0     000080
_colstart                         bssCOMRAM    000073
_delay_ms                         text32       00E84C
_dir                              bssCOMRAM    000074
_direction                        bssCOMRAM    000075
_drawChar                         text16       00F34E
_drawCircle                       text21       00F4A4
_drawFastHLine                    text20       00EB0C
_drawFastVLine                    text19       00EB94
_drawPixel                        text22       00E69A
_drawRect                         text18       00E952
_drawtext                         text14       00EE54
_fillCircle                       text12       00E89E
_fillCircleHelper                 text13       00F216
_fillRect                         text17       00E7B4
_fillRectangle                    text11       00ED78
_fillScreen                       text10       00E5DC
_font                             mediumconst  00FDCF
_font2                            mediumconst  00FECE
_get_full_ADC                     text3        00E5F8
_main                             text0        00EA96
_nbr                              bssCOMRAM    000066
_rowstart                         bssCOMRAM    000076
_setAddrWindow                    text23       00E7FE
_spiwrite                         text30       00E5B2
_strcpy                           text9        00E6CA
_strlen                           text15       00E776
_txt                              bssCOMRAM    000068
_volt                             bssCOMRAM    000063
_wrap                             dataCOMRAM   00003A
_write_command                    text29       00E56C
_write_data                       text28       00E57C
delay_ms@count                    cstackCOMRAM 00000B
delay_ms@ms                       cstackCOMRAM 000007
drawChar@bg                       cstackCOMRAM 000022
drawChar@c                        cstackCOMRAM 00001F
drawChar@color                    cstackCOMRAM 000020
drawChar@i                        cstackCOMRAM 000028
drawChar@j                        cstackCOMRAM 000027
drawChar@line                     cstackCOMRAM 000025
drawChar@size                     cstackCOMRAM 000024
drawChar@x                        cstackCOMRAM 000026
drawChar@y                        cstackCOMRAM 00001E
drawCircle@color                  cstackCOMRAM 000012
drawCircle@ddF_x                  cstackCOMRAM 000016
drawCircle@ddF_y                  cstackCOMRAM 000018
drawCircle@f                      cstackCOMRAM 00001A
drawCircle@r                      cstackCOMRAM 000010
drawCircle@x                      cstackCOMRAM 00001C
drawCircle@x0                     cstackCOMRAM 00000C
drawCircle@y                      cstackCOMRAM 00001E
drawCircle@y0                     cstackCOMRAM 00000E
drawFastHLine@color               cstackCOMRAM 00000A
drawFastHLine@hi                  cstackCOMRAM 000010
drawFastHLine@lo                  cstackCOMRAM 000011
drawFastHLine@w                   cstackCOMRAM 000009
drawFastHLine@x                   cstackCOMRAM 000012
drawFastHLine@y                   cstackCOMRAM 000008
drawFastVLine@color               cstackCOMRAM 00000A
drawFastVLine@h                   cstackCOMRAM 000009
drawFastVLine@hi                  cstackCOMRAM 000010
drawFastVLine@lo                  cstackCOMRAM 000011
drawFastVLine@x                   cstackCOMRAM 000012
drawFastVLine@y                   cstackCOMRAM 000008
drawPixel@color                   cstackCOMRAM 000009
drawPixel@x                       cstackCOMRAM 00000B
drawPixel@y                       cstackCOMRAM 000008
drawRect@color                    cstackCOMRAM 00001B
drawRect@h                        cstackCOMRAM 000019
drawRect@w                        cstackCOMRAM 000017
drawRect@x                        cstackCOMRAM 000013
drawRect@y                        cstackCOMRAM 000015
drawtext@_text                    cstackCOMRAM 00002A
drawtext@bg                       cstackCOMRAM 00002E
drawtext@color                    cstackCOMRAM 00002C
drawtext@cursor_x                 cstackCOMRAM 000039
drawtext@cursor_y                 cstackCOMRAM 000038
drawtext@i                        cstackCOMRAM 000036
drawtext@size                     cstackCOMRAM 000030
drawtext@textsize                 cstackCOMRAM 000033
drawtext@x                        cstackCOMRAM 000035
drawtext@y                        cstackCOMRAM 000029
end_of_initialization             cinit        00E948
fillCircle@color                  cstackCOMRAM 000031
fillCircle@r                      cstackCOMRAM 00002F
fillCircle@x0                     cstackCOMRAM 00002B
fillCircle@y0                     cstackCOMRAM 00002D
fillCircleHelper@color            cstackCOMRAM 00001D
fillCircleHelper@cornername       cstackCOMRAM 000019
fillCircleHelper@ddF_x            cstackCOMRAM 000021
fillCircleHelper@ddF_y            cstackCOMRAM 000023
fillCircleHelper@delta            cstackCOMRAM 00001B
fillCircleHelper@f                cstackCOMRAM 000025
fillCircleHelper@r                cstackCOMRAM 000017
fillCircleHelper@x                cstackCOMRAM 000027
fillCircleHelper@x0               cstackCOMRAM 000013
fillCircleHelper@y                cstackCOMRAM 000029
fillCircleHelper@y0               cstackCOMRAM 000015
fillRect@color                    cstackCOMRAM 000016
fillRect@h                        cstackCOMRAM 000015
fillRect@i                        cstackCOMRAM 00001C
fillRect@w                        cstackCOMRAM 000014
fillRect@x                        cstackCOMRAM 00001B
fillRect@y                        cstackCOMRAM 000013
fillRectangle@color               cstackCOMRAM 00000B
fillRectangle@h                   cstackCOMRAM 00000A
fillRectangle@hi                  cstackCOMRAM 000011
fillRectangle@lo                  cstackCOMRAM 000012
fillRectangle@w                   cstackCOMRAM 000009
fillRectangle@x                   cstackCOMRAM 000013
fillRectangle@y                   cstackCOMRAM 000008
fillScreen@color                  cstackCOMRAM 000014
get_full_ADC@result               cstackCOMRAM 000005
intlevel0                         text         000000
intlevel1                         text         000000
intlevel2                         text         000000
intlevel3                         text         000000
setAddrWindow@x0                  cstackCOMRAM 000007
setAddrWindow@x1                  cstackCOMRAM 000005
setAddrWindow@y0                  cstackCOMRAM 000004
setAddrWindow@y1                  cstackCOMRAM 000006
spiwrite@spidata                  cstackCOMRAM 000002
spiwrite@x                        cstackCOMRAM 000001
stackhi                           (abs)        000F7F
stacklo                           (abs)        0000B5
start                             init         000000
start_initialization              cinit        00E8F0
strcpy@cp                         cstackCOMRAM 000005
strcpy@from                       cstackCOMRAM 000003
strcpy@to                         cstackCOMRAM 000001
strlen@cp                         cstackCOMRAM 000005
strlen@s                          cstackCOMRAM 000001
write_command@cmd_                cstackCOMRAM 000003
write_data@data_                  cstackCOMRAM 000003


FUNCTION INFORMATION:

 *************** function _main *****************
 Defined at:
		line 43 in file "lab8.c"
 Parameters:    Size  Location     Type
		None
 Auto vars:     Size  Location     Type
		None
 Return value:  Size  Location     Type
		None               void
 Registers used:
		wreg, fsr2l, fsr2h, status,2, status,0, tblptrl, tblptrh, tblptru, prodl, prodh, cstack
 Tracked objects:
		On entry : 
		On exit  : 
		Unchanged: 
 Data sizes:     COMRAM   BANK0   BANK1   BANK2   BANK3   BANK4   BANK5   BANK6   BANK7   BANK8   BANK9  BANK10  BANK11  BANK12  BANK13  BANK14  BANK15
      Params:         0       0       0       0       0       0       0       0       0       0       0       0       0       0       0       0       0
      Locals:         0       0       0       0       0       0       0       0       0       0       0       0       0       0       0       0       0
      Temps:          0       0       0       0       0       0       0       0       0       0       0       0       0       0       0       0       0
      Totals:         0       0       0       0       0       0       0       0       0       0       0       0       0       0       0       0       0
Total ram usage:        0 bytes
 Hardware stack levels required when called:    8
 This function calls:
		_Day_Mode
		_Init_ADC
		_Init_UART
		_Initialize_LCD_Screen
		_Night_Mode
		_Read_Volt
		___ftge
 This function is called by:
		Startup code after reset
 This function uses a non-reentrant model


 *************** function ___ftge *****************
 Defined at:
		line 4 in file "D:\Program Files (x86)\Microchip\xc8\v1.34\sources\common\ftge.c"
 Parameters:    Size  Location     Type
  ff1             3    0[COMRAM] float 
  ff2             3    3[COMRAM] float 
 Auto vars:     Size  Location     Type
		None
 Return value:  Size  Location     Type
		None               void
 Registers used:
		wreg, status,2, status,0
 Tracked objects:
		On entry : 
		On exit  : 
		Unchanged: 
 Data sizes:     COMRAM   BANK0   BANK1   BANK2   BANK3   BANK4   BANK5   BANK6   BANK7   BANK8   BANK9  BANK10  BANK11  BANK12  BANK13  BANK14  BANK15
      Params:         6       0       0       0       0       0       0       0       0       0       0       0       0       0       0       0       0
      Locals:         0       0       0       0       0       0       0       0       0       0       0       0       0       0       0       0       0
      Temps:          3       0       0       0       0       0       0       0       0       0       0       0       0       0       0       0       0
      Totals:         9       0       0       0       0       0       0       0       0       0       0       0       0       0       0       0       0
Total ram usage:        9 bytes
 Hardware stack levels used:    1
 This function calls:
		Nothing
 This function is called by:
		_main
		_update_LCD_misc
 This function uses a non-reentrant model


 *************** function _Read_Volt *****************
 Defined at:
		line 141 in file "utils.c"
 Parameters:    Size  Location     Type
  ADC_Channel     1    wreg     unsigned char 
 Auto vars:     Size  Location     Type
  ADC_Channel     1   35[COMRAM] unsigned char 
  volt            3   30[COMRAM] float 
  nStep           2   33[COMRAM] int 
 Return value:  Size  Location     Type
                  3   27[COMRAM] float 
 Registers used:
		wreg, status,2, status,0, prodl, prodh, cstack
 Tracked objects:
		On entry : 
		On exit  : 
		Unchanged: 
 Data sizes:     COMRAM   BANK0   BANK1   BANK2   BANK3   BANK4   BANK5   BANK6   BANK7   BANK8   BANK9  BANK10  BANK11  BANK12  BANK13  BANK14  BANK15
      Params:         3       0       0       0       0       0       0       0       0       0       0       0       0       0       0       0       0
      Locals:         6       0       0       0       0       0       0       0       0       0       0       0       0       0       0       0       0
      Temps:          0       0       0       0       0       0       0       0       0       0       0       0       0       0       0       0       0
      Totals:         9       0       0       0       0       0       0       0       0       0       0       0       0       0       0       0       0
Total ram usage:        9 bytes
 Hardware stack levels used:    1
 Hardware stack levels required when called:    2
 This function calls:
		___awtoft
		___ftdiv
		___wmul
		_get_full_ADC
 This function is called by:
		_main
		_update_LCD_misc
 This function uses a non-reentrant model


 *************** function _get_full_ADC *****************
 Defined at:
		line 149 in file "utils.c"
 Parameters:    Size  Location     Type
		None
 Auto vars:     Size  Location     Type
  result          2    4[COMRAM] unsigned int 
 Return value:  Size  Location     Type
                  2    0[COMRAM] unsigned int 
 Registers used:
		wreg, status,2, status,0
 Tracked objects:
		On entry : 
		On exit  : 
		Unchanged: 
 Data sizes:     COMRAM   BANK0   BANK1   BANK2   BANK3   BANK4   BANK5   BANK6   BANK7   BANK8   BANK9  BANK10  BANK11  BANK12  BANK13  BANK14  BANK15
      Params:         2       0       0       0       0       0       0       0       0       0       0       0       0       0       0       0       0
      Locals:         2       0       0       0       0       0       0       0       0       0       0       0       0       0       0       0       0
      Temps:          2       0       0       0       0       0       0       0       0       0       0       0       0       0       0       0       0
      Totals:         6       0       0       0       0       0       0       0       0       0       0       0       0       0       0       0       0
Total ram usage:        6 bytes
 Hardware stack levels used:    1
 This function calls:
		Nothing
 This function is called by:
		_Read_Volt
		_update_LCD_misc
 This function uses a non-reentrant model


 *************** function ___ftdiv *****************
 Defined at:
		line 54 in file "D:\Program Files (x86)\Microchip\xc8\v1.34\sources\common\ftdiv.c"
 Parameters:    Size  Location     Type
  f1              3   12[COMRAM] float 
  f2              3   15[COMRAM] float 
 Auto vars:     Size  Location     Type
  f3              3   22[COMRAM] float 
  sign            1   26[COMRAM] unsigned char 
  exp             1   25[COMRAM] unsigned char 
  cntr            1   21[COMRAM] unsigned char 
 Return value:  Size  Location     Type
                  3   12[COMRAM] float 
 Registers used:
		wreg, status,2, status,0, cstack
 Tracked objects:
		On entry : 
		On exit  : 
		Unchanged: 
 Data sizes:     COMRAM   BANK0   BANK1   BANK2   BANK3   BANK4   BANK5   BANK6   BANK7   BANK8   BANK9  BANK10  BANK11  BANK12  BANK13  BANK14  BANK15
      Params:         6       0       0       0       0       0       0       0       0       0       0       0       0       0       0       0       0
      Locals:         6       0       0       0       0       0       0       0       0       0       0       0       0       0       0       0       0
      Temps:          3       0       0       0       0       0       0       0       0       0       0       0       0       0       0       0       0
      Totals:        15       0       0       0       0       0       0       0       0       0       0       0       0       0       0       0       0
Total ram usage:       15 bytes
 Hardware stack levels used:    1
 Hardware stack levels required when called:    1
 This function calls:
		___ftpack
 This function is called by:
		_Read_Volt
 This function uses a non-reentrant model


 *************** function ___awtoft *****************
 Defined at:
		line 32 in file "D:\Program Files (x86)\Microchip\xc8\v1.34\sources\common\awtoft.c"
 Parameters:    Size  Location     Type
  c               2    8[COMRAM] int 
 Auto vars:     Size  Location     Type
  sign            1   11[COMRAM] unsigned char 
 Return value:  Size  Location     Type
                  3    8[COMRAM] float 
 Registers used:
		wreg, status,2, status,0, cstack
 Tracked objects:
		On entry : 
		On exit  : 
		Unchanged: 
 Data sizes:     COMRAM   BANK0   BANK1   BANK2   BANK3   BANK4   BANK5   BANK6   BANK7   BANK8   BANK9  BANK10  BANK11  BANK12  BANK13  BANK14  BANK15
      Params:         3       0       0       0       0       0       0       0       0       0       0       0       0       0       0       0       0
      Locals:         1       0       0       0       0       0       0       0       0       0       0       0       0       0       0       0       0
      Temps:          0       0       0       0       0       0       0       0       0       0       0       0       0       0       0       0       0
      Totals:         4       0       0       0       0       0       0       0       0       0       0       0       0       0       0       0       0
Total ram usage:        4 bytes
 Hardware stack levels used:    1
 Hardware stack levels required when called:    1
 This function calls:
		___ftpack
 This function is called by:
		_Read_Volt
 This function uses a non-reentrant model


 *************** function ___ftpack *****************
 Defined at:
		line 62 in file "D:\Program Files (x86)\Microchip\xc8\v1.34\sources\common\float.c"
 Parameters:    Size  Location     Type
  arg             3    0[COMRAM] unsigned um
  exp             1    3[COMRAM] unsigned char 
  sign            1    4[COMRAM] unsigned char 
 Auto vars:     Size  Location     Type
		None
 Return value:  Size  Location     Type
                  3    0[COMRAM] float 
 Registers used:
		wreg, status,2, status,0
 Tracked objects:
		On entry : 
		On exit  : 
		Unchanged: 
 Data sizes:     COMRAM   BANK0   BANK1   BANK2   BANK3   BANK4   BANK5   BANK6   BANK7   BANK8   BANK9  BANK10  BANK11  BANK12  BANK13  BANK14  BANK15
      Params:         5       0       0       0       0       0       0       0       0       0       0       0       0       0       0       0       0
      Locals:         0       0       0       0       0       0       0       0       0       0       0       0       0       0       0       0       0
      Temps:          3       0       0       0       0       0       0       0       0       0       0       0       0       0       0       0       0
      Totals:         8       0       0       0       0       0       0       0       0       0       0       0       0       0       0       0       0
Total ram usage:        8 bytes
 Hardware stack levels used:    1
 This function calls:
		Nothing
 This function is called by:
		___awtoft
		___ftdiv
 This function uses a non-reentrant model


 *************** function _Night_Mode *****************
 Defined at:
		line 113 in file "lab8.c"
 Parameters:    Size  Location     Type
		None
 Auto vars:     Size  Location     Type
		None
 Return value:  Size  Location     Type
		None               void
 Registers used:
		None
 Tracked objects:
		On entry : 
		On exit  : 
		Unchanged: 
 Data sizes:     COMRAM   BANK0   BANK1   BANK2   BANK3   BANK4   BANK5   BANK6   BANK7   BANK8   BANK9  BANK10  BANK11  BANK12  BANK13  BANK14  BANK15
      Params:         0       0       0       0       0       0       0       0       0       0       0       0       0       0       0       0       0
      Locals:         0       0       0       0       0       0       0       0       0       0       0       0       0       0       0       0       0
      Temps:          0       0       0       0       0       0       0       0       0       0       0       0       0       0       0       0       0
      Totals:         0       0       0       0       0       0       0       0       0       0       0       0       0       0       0       0       0
Total ram usage:        0 bytes
 Hardware stack levels used:    1
 This function calls:
		Nothing
 This function is called by:
		_main
 This function uses a non-reentrant model


 *************** function _Initialize_LCD_Screen *****************
 Defined at:
		line 48 in file "Main_Screen.c"
 Parameters:    Size  Location     Type
		None
 Auto vars:     Size  Location     Type
		None
 Return value:  Size  Location     Type
		None               void
 Registers used:
		wreg, fsr2l, fsr2h, status,2, status,0, tblptrl, tblptrh, tblptru, prodl, prodh, cstack
 Tracked objects:
		On entry : 
		On exit  : 
		Unchanged: 
 Data sizes:     COMRAM   BANK0   BANK1   BANK2   BANK3   BANK4   BANK5   BANK6   BANK7   BANK8   BANK9  BANK10  BANK11  BANK12  BANK13  BANK14  BANK15
      Params:         0       0       0       0       0       0       0       0       0       0       0       0       0       0       0       0       0
      Locals:         0       0       0       0       0       0       0       0       0       0       0       0       0       0       0       0       0
      Temps:          0       0       0       0       0       0       0       0       0       0       0       0       0       0       0       0       0
      Totals:         0       0       0       0       0       0       0       0       0       0       0       0       0       0       0       0       0
Total ram usage:        0 bytes
 Hardware stack levels used:    1
 Hardware stack levels required when called:    7
 This function calls:
		_LCD_Reset
		_TFT_GreenTab_Initialize
		_drawCircle
		_drawRect
		_drawtext
		_fillCircle
		_fillScreen
		_strcpy
 This function is called by:
		_main
 This function uses a non-reentrant model


 *************** function _strcpy *****************
 Defined at:
		line 8 in file "D:\Program Files (x86)\Microchip\xc8\v1.34\sources\common\strcpy.c"
 Parameters:    Size  Location     Type
  to              2    0[COMRAM] PTR unsigned char 
		 -> NULL(0), buffer(31), 
  from            2    2[COMRAM] PTR const unsigned char 
		 -> STR_13(2), STR_12(2), STR_11(4), STR_10(4), 
		 -> STR_9(7), STR_8(10), STR_7(7), STR_6(12), 
		 -> STR_5(22), STR_4(2), STR_3(3), STR_2(5), 
		 -> STR_1(6), 
 Auto vars:     Size  Location     Type
  cp              2    4[COMRAM] PTR unsigned char 
		 -> NULL(0), buffer(31), 
 Return value:  Size  Location     Type
                  2    0[COMRAM] PTR unsigned char 
 Registers used:
		wreg, fsr2l, fsr2h, status,2, status,0, tblptrl, tblptrh, tblptru
 Tracked objects:
		On entry : 
		On exit  : 
		Unchanged: 
 Data sizes:     COMRAM   BANK0   BANK1   BANK2   BANK3   BANK4   BANK5   BANK6   BANK7   BANK8   BANK9  BANK10  BANK11  BANK12  BANK13  BANK14  BANK15
      Params:         4       0       0       0       0       0       0       0       0       0       0       0       0       0       0       0       0
      Locals:         2       0       0       0       0       0       0       0       0       0       0       0       0       0       0       0       0
      Temps:          0       0       0       0       0       0       0       0       0       0       0       0       0       0       0       0       0
      Totals:         6       0       0       0       0       0       0       0       0       0       0       0       0       0       0       0       0
Total ram usage:        6 bytes
 Hardware stack levels used:    1
 This function calls:
		Nothing
 This function is called by:
		_Initialize_LCD_Screen
		_Draw_Star
		_Erase_Star
 This function uses a non-reentrant model


 *************** function _fillScreen *****************
 Defined at:
		line 570 in file "ST7735_TFT.c"
 Parameters:    Size  Location     Type
  color           2   19[COMRAM] unsigned int 
 Auto vars:     Size  Location     Type
		None
 Return value:  Size  Location     Type
		None               void
 Registers used:
		wreg, status,2, status,0, cstack
 Tracked objects:
		On entry : 
		On exit  : 
		Unchanged: 
 Data sizes:     COMRAM   BANK0   BANK1   BANK2   BANK3   BANK4   BANK5   BANK6   BANK7   BANK8   BANK9  BANK10  BANK11  BANK12  BANK13  BANK14  BANK15
      Params:         2       0       0       0       0       0       0       0       0       0       0       0       0       0       0       0       0
      Locals:         0       0       0       0       0       0       0       0       0       0       0       0       0       0       0       0       0
      Temps:          0       0       0       0       0       0       0       0       0       0       0       0       0       0       0       0       0
      Totals:         2       0       0       0       0       0       0       0       0       0       0       0       0       0       0       0       0
Total ram usage:        2 bytes
 Hardware stack levels used:    1
 Hardware stack levels required when called:    4
 This function calls:
		_fillRectangle
 This function is called by:
		_Initialize_LCD_Screen
 This function uses a non-reentrant model


 *************** function _fillRectangle *****************
 Defined at:
		line 454 in file "ST7735_TFT.c"
 Parameters:    Size  Location     Type
  x               1    wreg     unsigned char 
  y               1    7[COMRAM] unsigned char 
  w               1    8[COMRAM] unsigned char 
  h               1    9[COMRAM] unsigned char 
  color           2   10[COMRAM] unsigned int 
 Auto vars:     Size  Location     Type
  x               1   18[COMRAM] unsigned char 
  lo              1   17[COMRAM] unsigned char 
  hi              1   16[COMRAM] unsigned char 
 Return value:  Size  Location     Type
		None               void
 Registers used:
		wreg, status,2, status,0, cstack
 Tracked objects:
		On entry : 
		On exit  : 
		Unchanged: 
 Data sizes:     COMRAM   BANK0   BANK1   BANK2   BANK3   BANK4   BANK5   BANK6   BANK7   BANK8   BANK9  BANK10  BANK11  BANK12  BANK13  BANK14  BANK15
      Params:         5       0       0       0       0       0       0       0       0       0       0       0       0       0       0       0       0
      Locals:         3       0       0       0       0       0       0       0       0       0       0       0       0       0       0       0       0
      Temps:          4       0       0       0       0       0       0       0       0       0       0       0       0       0       0       0       0
      Totals:        12       0       0       0       0       0       0       0       0       0       0       0       0       0       0       0       0
Total ram usage:       12 bytes
 Hardware stack levels used:    1
 Hardware stack levels required when called:    3
 This function calls:
		_setAddrWindow
		_spiwrite
 This function is called by:
		_fillScreen
 This function uses a non-reentrant model


 *************** function _fillCircle *****************
 Defined at:
		line 565 in file "ST7735_TFT.c"
 Parameters:    Size  Location     Type
  x0              2   42[COMRAM] int 
  y0              2   44[COMRAM] int 
  r               2   46[COMRAM] int 
  color           2   48[COMRAM] unsigned int 
 Auto vars:     Size  Location     Type
		None
 Return value:  Size  Location     Type
		None               void
 Registers used:
		wreg, status,2, status,0, cstack
 Tracked objects:
		On entry : 
		On exit  : 
		Unchanged: 
 Data sizes:     COMRAM   BANK0   BANK1   BANK2   BANK3   BANK4   BANK5   BANK6   BANK7   BANK8   BANK9  BANK10  BANK11  BANK12  BANK13  BANK14  BANK15
      Params:         8       0       0       0       0       0       0       0       0       0       0       0       0       0       0       0       0
      Locals:         0       0       0       0       0       0       0       0       0       0       0       0       0       0       0       0       0
      Temps:          0       0       0       0       0       0       0       0       0       0       0       0       0       0       0       0       0
      Totals:         8       0       0       0       0       0       0       0       0       0       0       0       0       0       0       0       0
Total ram usage:        8 bytes
 Hardware stack levels used:    1
 Hardware stack levels required when called:    5
 This function calls:
		_drawFastVLine
		_fillCircleHelper
 This function is called by:
		_Initialize_LCD_Screen
		_update_LCD_color
 This function uses a non-reentrant model


 *************** function _fillCircleHelper *****************
 Defined at:
		line 540 in file "ST7735_TFT.c"
 Parameters:    Size  Location     Type
  x0              2   18[COMRAM] int 
  y0              2   20[COMRAM] int 
  r               2   22[COMRAM] int 
  cornername      2   24[COMRAM] unsigned int 
  delta           2   26[COMRAM] int 
  color           2   28[COMRAM] unsigned int 
 Auto vars:     Size  Location     Type
  y               2   40[COMRAM] int 
  x               2   38[COMRAM] int 
  f               2   36[COMRAM] int 
  ddF_y           2   34[COMRAM] int 
  ddF_x           2   32[COMRAM] int 
 Return value:  Size  Location     Type
		None               void
 Registers used:
		wreg, status,2, status,0, cstack
 Tracked objects:
		On entry : 
		On exit  : 
		Unchanged: 
 Data sizes:     COMRAM   BANK0   BANK1   BANK2   BANK3   BANK4   BANK5   BANK6   BANK7   BANK8   BANK9  BANK10  BANK11  BANK12  BANK13  BANK14  BANK15
      Params:        12       0       0       0       0       0       0       0       0       0       0       0       0       0       0       0       0
      Locals:        10       0       0       0       0       0       0       0       0       0       0       0       0       0       0       0       0
      Temps:          2       0       0       0       0       0       0       0       0       0       0       0       0       0       0       0       0
      Totals:        24       0       0       0       0       0       0       0       0       0       0       0       0       0       0       0       0
Total ram usage:       24 bytes
 Hardware stack levels used:    1
 Hardware stack levels required when called:    4
 This function calls:
		_drawFastVLine
 This function is called by:
		_fillCircle
 This function uses a non-reentrant model


 *************** function _drawtext *****************
 Defined at:
		line 425 in file "ST7735_TFT.c"
 Parameters:    Size  Location     Type
  x               1    wreg     unsigned char 
  y               1   40[COMRAM] unsigned char 
  _text           2   41[COMRAM] PTR unsigned char 
		 -> NULL(0), Timing_Txt(22), PED_EW_Count(3), PED_NS_Count(3), 
		 -> EWLT_Count(3), EW_Count(3), NSLT_Count(3), NS_Count(3), 
		 -> FlashingS_Txt(2), FlashingR_Txt(2), SW_EWLT_Txt(2), SW_EWPED_Txt(2), 
		 -> SW_NSLT_Txt(2), SW_NSPED_Txt(2), Light_Sensor_Mode_Txt(3), Light_Sensor_Voltage_Txt(5), 
		 -> Act_Mode_Txt(2), buffer(31), 
  color           2   43[COMRAM] unsigned int 
  bg              2   45[COMRAM] unsigned int 
  size            1   47[COMRAM] unsigned char 
 Auto vars:     Size  Location     Type
  x               1   52[COMRAM] unsigned char 
  i               2   53[COMRAM] unsigned int 
  textsize        2   50[COMRAM] unsigned int 
  cursor_x        1   56[COMRAM] unsigned char 
  cursor_y        1   55[COMRAM] unsigned char 
 Return value:  Size  Location     Type
		None               void
 Registers used:
		wreg, fsr2l, fsr2h, status,2, status,0, tblptrl, tblptrh, tblptru, prodl, prodh, cstack
 Tracked objects:
		On entry : 
		On exit  : 
		Unchanged: 
 Data sizes:     COMRAM   BANK0   BANK1   BANK2   BANK3   BANK4   BANK5   BANK6   BANK7   BANK8   BANK9  BANK10  BANK11  BANK12  BANK13  BANK14  BANK15
      Params:         8       0       0       0       0       0       0       0       0       0       0       0       0       0       0       0       0
      Locals:         7       0       0       0       0       0       0       0       0       0       0       0       0       0       0       0       0
      Temps:          2       0       0       0       0       0       0       0       0       0       0       0       0       0       0       0       0
      Totals:        17       0       0       0       0       0       0       0       0       0       0       0       0       0       0       0       0
Total ram usage:       17 bytes
 Hardware stack levels used:    1
 Hardware stack levels required when called:    6
 This function calls:
		_drawChar
		_strlen
 This function is called by:
		_Initialize_LCD_Screen
		_update_LCD_PED_Count
		_update_LCD_count
		_update_LCD_misc
		_Draw_Star
		_Erase_Star
 This function uses a non-reentrant model


 *************** function _strlen *****************
 Defined at:
		line 4 in file "D:\Program Files (x86)\Microchip\xc8\v1.34\sources\common\strlen.c"
 Parameters:    Size  Location     Type
  s               2    0[COMRAM] PTR const unsigned char 
		 -> NULL(0), Timing_Txt(22), PED_EW_Count(3), PED_NS_Count(3), 
		 -> EWLT_Count(3), EW_Count(3), NSLT_Count(3), NS_Count(3), 
		 -> FlashingS_Txt(2), FlashingR_Txt(2), SW_EWLT_Txt(2), SW_EWPED_Txt(2), 
		 -> SW_NSLT_Txt(2), SW_NSPED_Txt(2), Light_Sensor_Mode_Txt(3), Light_Sensor_Voltage_Txt(5), 
		 -> Act_Mode_Txt(2), buffer(31), 
 Auto vars:     Size  Location     Type
  cp              2    4[COMRAM] PTR const unsigned char 
		 -> NULL(0), Timing_Txt(22), PED_EW_Count(3), PED_NS_Count(3), 
		 -> EWLT_Count(3), EW_Count(3), NSLT_Count(3), NS_Count(3), 
		 -> FlashingS_Txt(2), FlashingR_Txt(2), SW_EWLT_Txt(2), SW_EWPED_Txt(2), 
		 -> SW_NSLT_Txt(2), SW_NSPED_Txt(2), Light_Sensor_Mode_Txt(3), Light_Sensor_Voltage_Txt(5), 
		 -> Act_Mode_Txt(2), buffer(31), 
 Return value:  Size  Location     Type
                  2    0[COMRAM] unsigned int 
 Registers used:
		wreg, fsr2l, fsr2h, status,2, status,0
 Tracked objects:
		On entry : 
		On exit  : 
		Unchanged: 
 Data sizes:     COMRAM   BANK0   BANK1   BANK2   BANK3   BANK4   BANK5   BANK6   BANK7   BANK8   BANK9  BANK10  BANK11  BANK12  BANK13  BANK14  BANK15
      Params:         2       0       0       0       0       0       0       0       0       0       0       0       0       0       0       0       0
      Locals:         2       0       0       0       0       0       0       0       0       0       0       0       0       0       0       0       0
      Temps:          2       0       0       0       0       0       0       0       0       0       0       0       0       0       0       0       0
      Totals:         6       0       0       0       0       0       0       0       0       0       0       0       0       0       0       0       0
Total ram usage:        6 bytes
 Hardware stack levels used:    1
 This function calls:
		Nothing
 This function is called by:
		_drawtext
 This function uses a non-reentrant model


 *************** function _drawChar *****************
 Defined at:
		line 398 in file "ST7735_TFT.c"
 Parameters:    Size  Location     Type
  x               1    wreg     unsigned char 
  y               1   29[COMRAM] unsigned char 
  c               1   30[COMRAM] unsigned char 
  color           2   31[COMRAM] unsigned int 
  bg              2   33[COMRAM] unsigned int 
  size            1   35[COMRAM] unsigned char 
 Auto vars:     Size  Location     Type
  x               1   37[COMRAM] unsigned char 
  line            1   36[COMRAM] unsigned char 
  i               1   39[COMRAM] unsigned char 
  j               1   38[COMRAM] unsigned char 
 Return value:  Size  Location     Type
		None               void
 Registers used:
		wreg, status,2, status,0, tblptrl, tblptrh, tblptru, prodl, prodh, cstack
 Tracked objects:
		On entry : 
		On exit  : 
		Unchanged: 
 Data sizes:     COMRAM   BANK0   BANK1   BANK2   BANK3   BANK4   BANK5   BANK6   BANK7   BANK8   BANK9  BANK10  BANK11  BANK12  BANK13  BANK14  BANK15
      Params:         7       0       0       0       0       0       0       0       0       0       0       0       0       0       0       0       0
      Locals:         4       0       0       0       0       0       0       0       0       0       0       0       0       0       0       0       0
      Temps:          0       0       0       0       0       0       0       0       0       0       0       0       0       0       0       0       0
      Totals:        11       0       0       0       0       0       0       0       0       0       0       0       0       0       0       0       0
Total ram usage:       11 bytes
 Hardware stack levels used:    1
 Hardware stack levels required when called:    5
 This function calls:
		___wmul
		_drawPixel
		_fillRect
 This function is called by:
		_drawtext
 This function uses a non-reentrant model


 *************** function _fillRect *****************
 Defined at:
		line 388 in file "ST7735_TFT.c"
 Parameters:    Size  Location     Type
  x               1    wreg     unsigned char 
  y               1   18[COMRAM] unsigned char 
  w               1   19[COMRAM] unsigned char 
  h               1   20[COMRAM] unsigned char 
[...]
      Temps:          0       0       0       0       0       0       0       0       0       0       0       0       0       0       0       0       0
      Totals:         0       0       0       0       0       0       0       0       0       0       0       0       0       0       0       0       0
Total ram usage:        0 bytes
 Hardware stack levels used:    1
 Hardware stack levels required when called:    2
 This function calls:
		_write_command
		_write_data
 This function is called by:
		_TFT_GreenTab_Initialize
 This function uses a non-reentrant model


 *************** function _Rcmd1 *****************
 Defined at:
		line 228 in file "ST7735_TFT.c"
 Parameters:    Size  Location     Type
		None
 Auto vars:     Size  Location     Type
		None
 Return value:  Size  Location     Type
		None               void
 Registers used:
		wreg, status,2, status,0, prodl, prodh, cstack
 Tracked objects:
		On entry : 
		On exit  : 
		Unchanged: 
 Data sizes:     COMRAM   BANK0   BANK1   BANK2   BANK3   BANK4   BANK5   BANK6   BANK7   BANK8   BANK9  BANK10  BANK11  BANK12  BANK13  BANK14  BANK15
      Params:         0       0       0       0       0       0       0       0       0       0       0       0       0       0       0       0       0
      Locals:         0       0       0       0       0       0       0       0       0       0       0       0       0       0       0       0       0
      Temps:          0       0       0       0       0       0       0       0       0       0       0       0       0       0       0       0       0
      Totals:         0       0       0       0       0       0       0       0       0       0       0       0       0       0       0       0       0
Total ram usage:        0 bytes
 Hardware stack levels used:    1
 Hardware stack levels required when called:    2
 This function calls:
		_delay_ms
		_write_command
		_write_data
 This function is called by:
		_TFT_GreenTab_Initialize
		_TFT_BlackTab_Initialize
 This function uses a non-reentrant model


 *************** function _write_data *****************
 Defined at:
		line 156 in file "ST7735_TFT.c"
 Parameters:    Size  Location     Type
  data_           1    wreg     unsigned char 
 Auto vars:     Size  Location     Type
  data_           1    2[COMRAM] unsigned char 
 Return value:  Size  Location     Type
		None               void
 Registers used:
		wreg, status,2, cstack
 Tracked objects:
		On entry : 
		On exit  : 
		Unchanged: 
 Data sizes:     COMRAM   BANK0   BANK1   BANK2   BANK3   BANK4   BANK5   BANK6   BANK7   BANK8   BANK9  BANK10  BANK11  BANK12  BANK13  BANK14  BANK15
      Params:         0       0       0       0       0       0       0       0       0       0       0       0       0       0       0       0       0
      Locals:         1       0       0       0       0       0       0       0       0       0       0       0       0       0       0       0       0
      Temps:          0       0       0       0       0       0       0       0       0       0       0       0       0       0       0       0       0
      Totals:         1       0       0       0       0       0       0       0       0       0       0       0       0       0       0       0       0
Total ram usage:        1 bytes
 Hardware stack levels used:    1
 Hardware stack levels required when called:    1
 This function calls:
		_spiwrite
 This function is called by:
		_Rcmd1
		_Rcmd2red
		_Rcmd3
		_setAddrWindow
		_drawPixel
		_TFT_GreenTab_Initialize
		_Bcmd
		_setScrollDefinition
		_Rcmd2green
		_VerticalScroll
 This function uses a non-reentrant model


 *************** function _write_command *****************
 Defined at:
		line 145 in file "ST7735_TFT.c"
 Parameters:    Size  Location     Type
  cmd_            1    wreg     unsigned char 
 Auto vars:     Size  Location     Type
  cmd_            1    2[COMRAM] unsigned char 
 Return value:  Size  Location     Type
		None               void
 Registers used:
		wreg, status,2, cstack
 Tracked objects:
		On entry : 
		On exit  : 
		Unchanged: 
 Data sizes:     COMRAM   BANK0   BANK1   BANK2   BANK3   BANK4   BANK5   BANK6   BANK7   BANK8   BANK9  BANK10  BANK11  BANK12  BANK13  BANK14  BANK15
      Params:         0       0       0       0       0       0       0       0       0       0       0       0       0       0       0       0       0
      Locals:         1       0       0       0       0       0       0       0       0       0       0       0       0       0       0       0       0
      Temps:          0       0       0       0       0       0       0       0       0       0       0       0       0       0       0       0       0
      Totals:         1       0       0       0       0       0       0       0       0       0       0       0       0       0       0       0       0
Total ram usage:        1 bytes
 Hardware stack levels used:    1
 Hardware stack levels required when called:    1
 This function calls:
		_spiwrite
 This function is called by:
		_Rcmd1
		_Rcmd2red
		_Rcmd3
		_setAddrWindow
		_TFT_GreenTab_Initialize
		_Bcmd
		_setScrollDefinition
		_Rcmd2green
		_VerticalScroll
 This function uses a non-reentrant model


 *************** function _spiwrite *****************
 Defined at:
		line 136 in file "ST7735_TFT.c"
 Parameters:    Size  Location     Type
  spidata         1    wreg     unsigned char 
 Auto vars:     Size  Location     Type
  spidata         1    1[COMRAM] unsigned char 
  x               1    0[COMRAM] unsigned char 
 Return value:  Size  Location     Type
		None               void
 Registers used:
		wreg
 Tracked objects:
		On entry : 
		On exit  : 
		Unchanged: 
 Data sizes:     COMRAM   BANK0   BANK1   BANK2   BANK3   BANK4   BANK5   BANK6   BANK7   BANK8   BANK9  BANK10  BANK11  BANK12  BANK13  BANK14  BANK15
      Params:         0       0       0       0       0       0       0       0       0       0       0       0       0       0       0       0       0
      Locals:         2       0       0       0       0       0       0       0       0       0       0       0       0       0       0       0       0
      Temps:          0       0       0       0       0       0       0       0       0       0       0       0       0       0       0       0       0
      Totals:         2       0       0       0       0       0       0       0       0       0       0       0       0       0       0       0       0
Total ram usage:        2 bytes
 Hardware stack levels used:    1
 This function calls:
		Nothing
 This function is called by:
		_write_command
		_write_data
		_drawFastVLine
		_fillRectangle
		_drawFastHLine
 This function uses a non-reentrant model


 *************** function _LCD_Reset *****************
 Defined at:
		line 164 in file "ST7735_TFT.c"
 Parameters:    Size  Location     Type
		None
 Auto vars:     Size  Location     Type
		None
 Return value:  Size  Location     Type
		None               void
 Registers used:
		wreg, status,2, status,0, prodl, prodh, cstack
 Tracked objects:
		On entry : 
		On exit  : 
		Unchanged: 
 Data sizes:     COMRAM   BANK0   BANK1   BANK2   BANK3   BANK4   BANK5   BANK6   BANK7   BANK8   BANK9  BANK10  BANK11  BANK12  BANK13  BANK14  BANK15
      Params:         0       0       0       0       0       0       0       0       0       0       0       0       0       0       0       0       0
      Locals:         0       0       0       0       0       0       0       0       0       0       0       0       0       0       0       0       0
      Temps:          0       0       0       0       0       0       0       0       0       0       0       0       0       0       0       0       0
      Totals:         0       0       0       0       0       0       0       0       0       0       0       0       0       0       0       0       0
Total ram usage:        0 bytes
 Hardware stack levels used:    1
 Hardware stack levels required when called:    2
 This function calls:
		_delay_ms
 This function is called by:
		_Initialize_LCD_Screen
 This function uses a non-reentrant model


 *************** function _delay_ms *****************
 Defined at:
		line 11 in file "ST7735_TFT.c"
 Parameters:    Size  Location     Type
  ms              2    6[COMRAM] int 
 Auto vars:     Size  Location     Type
  count           2   10[COMRAM] int 
 Return value:  Size  Location     Type
		None               void
 Registers used:
		wreg, status,2, status,0, prodl, prodh, cstack
 Tracked objects:
		On entry : 
		On exit  : 
		Unchanged: 
 Data sizes:     COMRAM   BANK0   BANK1   BANK2   BANK3   BANK4   BANK5   BANK6   BANK7   BANK8   BANK9  BANK10  BANK11  BANK12  BANK13  BANK14  BANK15
      Params:         2       0       0       0       0       0       0       0       0       0       0       0       0       0       0       0       0
      Locals:         2       0       0       0       0       0       0       0       0       0       0       0       0       0       0       0       0
      Temps:          2       0       0       0       0       0       0       0       0       0       0       0       0       0       0       0       0
      Totals:         6       0       0       0       0       0       0       0       0       0       0       0       0       0       0       0       0
Total ram usage:        6 bytes
 Hardware stack levels used:    1
 Hardware stack levels required when called:    1
 This function calls:
		___wmul
 This function is called by:
		_LCD_Reset
		_Rcmd1
		_Rcmd3
		_Bcmd
 This function uses a non-reentrant model


 *************** function ___wmul *****************
 Defined at:
		line 15 in file "D:\Program Files (x86)\Microchip\xc8\v1.34\sources\common\Umul16.c"
 Parameters:    Size  Location     Type
  multiplier      2    0[COMRAM] unsigned int 
  multiplicand    2    2[COMRAM] unsigned int 
 Auto vars:     Size  Location     Type
  product         2    4[COMRAM] unsigned int 
 Return value:  Size  Location     Type
                  2    0[COMRAM] unsigned int 
 Registers used:
		wreg, status,2, status,0, prodl, prodh
 Tracked objects:
		On entry : 
		On exit  : 
		Unchanged: 
 Data sizes:     COMRAM   BANK0   BANK1   BANK2   BANK3   BANK4   BANK5   BANK6   BANK7   BANK8   BANK9  BANK10  BANK11  BANK12  BANK13  BANK14  BANK15
      Params:         4       0       0       0       0       0       0       0       0       0       0       0       0       0       0       0       0
      Locals:         2       0       0       0       0       0       0       0       0       0       0       0       0       0       0       0       0
      Temps:          0       0       0       0       0       0       0       0       0       0       0       0       0       0       0       0       0
      Totals:         6       0       0       0       0       0       0       0       0       0       0       0       0       0       0       0       0
Total ram usage:        6 bytes
 Hardware stack levels used:    1
 This function calls:
		Nothing
 This function is called by:
		_delay_ms
		_drawChar
		_Read_Volt
 This function uses a non-reentrant model


 *************** function _Init_UART *****************
 Defined at:
		line 25 in file "utils.c"
 Parameters:    Size  Location     Type
		None
 Auto vars:     Size  Location     Type
		None
 Return value:  Size  Location     Type
		None               void
 Registers used:
		wreg, status,2, cstack
 Tracked objects:
		On entry : 
		On exit  : 
		Unchanged: 
 Data sizes:     COMRAM   BANK0   BANK1   BANK2   BANK3   BANK4   BANK5   BANK6   BANK7   BANK8   BANK9  BANK10  BANK11  BANK12  BANK13  BANK14  BANK15
      Params:         0       0       0       0       0       0       0       0       0       0       0       0       0       0       0       0       0
      Locals:         0       0       0       0       0       0       0       0       0       0       0       0       0       0       0       0       0
      Temps:          0       0       0       0       0       0       0       0       0       0       0       0       0       0       0       0       0
      Totals:         0       0       0       0       0       0       0       0       0       0       0       0       0       0       0       0       0
Total ram usage:        0 bytes
 Hardware stack levels used:    1
 Hardware stack levels required when called:    1
 This function calls:
		_OpenUSART
 This function is called by:
		_main
 This function uses a non-reentrant model


 *************** function _OpenUSART *****************
 Defined at:
		line 73 in file "D:\Program Files (x86)\Microchip\xc8\v1.34\sources\pic18\plib\USART\uopen.c"
 Parameters:    Size  Location     Type
  config          1    wreg     unsigned char 
  spbrg           2    0[COMRAM] unsigned int 
 Auto vars:     Size  Location     Type
  config          1    2[COMRAM] unsigned char 
 Return value:  Size  Location     Type
		None               void
 Registers used:
		wreg, status,2
 Tracked objects:
		On entry : 
		On exit  : 
		Unchanged: 
 Data sizes:     COMRAM   BANK0   BANK1   BANK2   BANK3   BANK4   BANK5   BANK6   BANK7   BANK8   BANK9  BANK10  BANK11  BANK12  BANK13  BANK14  BANK15
      Params:         2       0       0       0       0       0       0       0       0       0       0       0       0       0       0       0       0
      Locals:         1       0       0       0       0       0       0       0       0       0       0       0       0       0       0       0       0
      Temps:          0       0       0       0       0       0       0       0       0       0       0       0       0       0       0       0       0
      Totals:         3       0       0       0       0       0       0       0       0       0       0       0       0       0       0       0       0
Total ram usage:        3 bytes
 Hardware stack levels used:    1
 This function calls:
		Nothing
 This function is called by:
		_Init_UART
 This function uses a non-reentrant model


 *************** function _Init_ADC *****************
 Defined at:
		line 18 in file "utils.c"
 Parameters:    Size  Location     Type
		None
 Auto vars:     Size  Location     Type
		None
 Return value:  Size  Location     Type
		None               void
 Registers used:
		wreg, status,2
 Tracked objects:
		On entry : 
		On exit  : 
		Unchanged: 
 Data sizes:     COMRAM   BANK0   BANK1   BANK2   BANK3   BANK4   BANK5   BANK6   BANK7   BANK8   BANK9  BANK10  BANK11  BANK12  BANK13  BANK14  BANK15
      Params:         0       0       0       0       0       0       0       0       0       0       0       0       0       0       0       0       0
      Locals:         0       0       0       0       0       0       0       0       0       0       0       0       0       0       0       0       0
      Temps:          0       0       0       0       0       0       0       0       0       0       0       0       0       0       0       0       0
      Totals:         0       0       0       0       0       0       0       0       0       0       0       0       0       0       0       0       0
Total ram usage:        0 bytes
 Hardware stack levels used:    1
 This function calls:
		Nothing
 This function is called by:
		_main
 This function uses a non-reentrant model


 *************** function _Day_Mode *****************
 Defined at:
		line 108 in file "lab8.c"
 Parameters:    Size  Location     Type
		None
 Auto vars:     Size  Location     Type
		None
 Return value:  Size  Location     Type
		None               void
 Registers used:
		None
 Tracked objects:
		On entry : 
		On exit  : 
		Unchanged: 
 Data sizes:     COMRAM   BANK0   BANK1   BANK2   BANK3   BANK4   BANK5   BANK6   BANK7   BANK8   BANK9  BANK10  BANK11  BANK12  BANK13  BANK14  BANK15
      Params:         0       0       0       0       0       0       0       0       0       0       0       0       0       0       0       0       0
      Locals:         0       0       0       0       0       0       0       0       0       0       0       0       0       0       0       0       0
      Temps:          0       0       0       0       0       0       0       0       0       0       0       0       0       0       0       0       0
      Totals:         0       0       0       0       0       0       0       0       0       0       0       0       0       0       0       0       0
Total ram usage:        0 bytes
 Hardware stack levels used:    1
 This function calls:
		Nothing
 This function is called by:
		_main
 This function uses a non-reentrant model



MODULE INFORMATION

Module		Function		Class		Link	Load	Size
lab8.c
		_Night_Mode    		CODE           	E55C	0000	3
		_main          		CODE           	EA96	0000	119
		_Day_Mode      		CODE           	E55A	0000	3

lab8.c estimated size: 125

D:\Program Files (x86)\Microchip\xc8\v1.34\sources\common\awtoft.c
		___awtoft      		CODE           	E6FC	0000	61

D:\Program Files (x86)\Microchip\xc8\v1.34\sources\common\awtoft.c estimated size: 61

D:\Program Files (x86)\Microchip\xc8\v1.34\sources\common\ftdiv.c
		___ftdiv       		CODE           	EF32	0000	227

D:\Program Files (x86)\Microchip\xc8\v1.34\sources\common\ftdiv.c estimated size: 227

D:\Program Files (x86)\Microchip\xc8\v1.34\sources\common\strlen.c
		_strlen        		CODE           	E776	0000	63

D:\Program Files (x86)\Microchip\xc8\v1.34\sources\common\strlen.c estimated size: 63

D:\Program Files (x86)\Microchip\xc8\v1.34\sources\common\strcpy.c
		_strcpy        		CODE           	E6CA	0000	51

D:\Program Files (x86)\Microchip\xc8\v1.34\sources\common\strcpy.c estimated size: 51

ST7735_TFT.c
		_drawChar      		CODE           	F34E	0000	343
		_drawCircle    		CODE           	F4A4	0000	431
		_fillScreen    		CODE           	E5DC	0000	29
		_Rcmd3         		CODE           	F014	0000	243
		_write_data    		CODE           	E57C	0000	17
		_setAddrWindow 		CODE           	E7FE	0000	79
		_drawtext      		CODE           	EE54	0000	223
		_fillRect      		CODE           	E7B4	0000	75
		_LCD_Reset     		CODE           	E58C	0000	19
		_fillCircle    		CODE           	E89E	0000	83
		_drawPixel     		CODE           	E69A	0000	49
		_fillRectangle 		CODE           	ED78	0000	221
		_write_command 		CODE           	E56C	0000	17
		_fillCircleHelp		CODE           	F216	0000	313
		_drawFastHLine 		CODE           	EB0C	0000	137
		_drawFastVLine 		CODE           	EB94	0000	137
		_Rcmd2red      		CODE           	E738	0000	63
		_TFT_GreenTab_I		CODE           	E670	0000	43
		_delay_ms      		CODE           	E84C	0000	83
		_Rcmd1         		CODE           	F106	0000	273
		_drawRect      		CODE           	E952	0000	103
		_spiwrite      		CODE           	E5B2	0000	21

ST7735_TFT.c estimated size: 3002

Main_Screen.c
		_Initialize_LCD		CODE           	F652	0000	1917

Main_Screen.c estimated size: 1917

D:\Program Files (x86)\Microchip\xc8\v1.34\sources\common\Umul16.c
		___wmul        		CODE           	E61E	0000	41

D:\Program Files (x86)\Microchip\xc8\v1.34\sources\common\Umul16.c estimated size: 41

shared
		_font          		MEDIUMCONST    	FDCF	0000	256
		__initializatio		CODE           	E8F0	0000	89
		_font2         		MEDIUMCONST    	FECE	0000	221

shared estimated size: 566

utils.c
		_Init_UART     		CODE           	E59E	0000	21
		_Read_Volt     		CODE           	E9B8	0000	111
		_Init_ADC      		CODE           	E55E	0000	15
		_get_full_ADC  		CODE           	E5F8	0000	39

utils.c estimated size: 186

D:\Program Files (x86)\Microchip\xc8\v1.34\sources\common\float.c
		___ftpack      		CODE           	ECB2	0000	199

D:\Program Files (x86)\Microchip\xc8\v1.34\sources\common\float.c estimated size: 199

D:\Program Files (x86)\Microchip\xc8\v1.34\sources\common\ftge.c
		___ftge        		CODE           	EC1C	0000	151

D:\Program Files (x86)\Microchip\xc8\v1.34\sources\common\ftge.c estimated size: 151

D:\Program Files (x86)\Microchip\xc8\v1.34\sources\pic18\plib\USART\uopen.c
		_OpenUSART     		CODE           	EA26	0000	113

D:\Program Files (x86)\Microchip\xc8\v1.34\sources\pic18\plib\USART\uopen.c estimated size: 113

